TimeQuest Timing Analyzer report for gA6_lab3
Wed Nov 01 22:48:53 2017
Quartus II 64-Bit Version 13.0.0 Build 156 04/24/2013 SJ Web Edition


---------------------
; Table of Contents ;
---------------------
  1. Legal Notice
  2. TimeQuest Timing Analyzer Summary
  3. Parallel Compilation
  4. Clocks
  5. Slow Model Fmax Summary
  6. Slow Model Setup Summary
  7. Slow Model Hold Summary
  8. Slow Model Recovery Summary
  9. Slow Model Removal Summary
 10. Slow Model Minimum Pulse Width Summary
 11. Slow Model Minimum Pulse Width: 'altera_reserved_tck'
 12. Propagation Delay
 13. Minimum Propagation Delay
 14. Fast Model Setup Summary
 15. Fast Model Hold Summary
 16. Fast Model Recovery Summary
 17. Fast Model Removal Summary
 18. Fast Model Minimum Pulse Width Summary
 19. Fast Model Minimum Pulse Width: 'altera_reserved_tck'
 20. Propagation Delay
 21. Minimum Propagation Delay
 22. Multicorner Timing Analysis Summary
 23. Progagation Delay
 24. Minimum Progagation Delay
 25. Clock Transfers
 26. Report TCCS
 27. Report RSKM
 28. Unconstrained Paths
 29. TimeQuest Timing Analyzer Messages



----------------
; Legal Notice ;
----------------
Copyright (C) 1991-2013 Altera Corporation
Your use of Altera Corporation's design tools, logic functions 
and other software and tools, and its AMPP partner logic 
functions, and any output files from any of the foregoing 
(including device programming or simulation files), and any 
associated documentation or information are expressly subject 
to the terms and conditions of the Altera Program License 
Subscription Agreement, Altera MegaCore Function License 
Agreement, or other applicable license agreement, including, 
without limitation, that your use is for the sole purpose of 
programming logic devices manufactured by Altera and sold by 
Altera or its authorized distributors.  Please refer to the 
applicable agreement for further details.



+-------------------------------------------------------------------------+
; TimeQuest Timing Analyzer Summary                                       ;
+--------------------+----------------------------------------------------+
; Quartus II Version ; Version 13.0.0 Build 156 04/24/2013 SJ Web Edition ;
; Revision Name      ; gA6_lab3                                           ;
; Device Family      ; Cyclone II                                         ;
; Device Name        ; EP2C20F484C7                                       ;
; Timing Models      ; Final                                              ;
; Delay Model        ; Combined                                           ;
; Rise/Fall Delays   ; Unavailable                                        ;
+--------------------+----------------------------------------------------+


+------------------------------------------+
; Parallel Compilation                     ;
+----------------------------+-------------+
; Processors                 ; Number      ;
+----------------------------+-------------+
; Number detected on machine ; 4           ;
; Maximum allowed            ; 2           ;
;                            ;             ;
; Average used               ; 1.00        ;
; Maximum used               ; 1           ;
;                            ;             ;
; Usage by Processor         ; % Time Used ;
;     Processor 1            ; 100.0%      ;
;     Processors 2-4         ;   0.0%      ;
+----------------------------+-------------+


+-----------------------------------------------------------------------------------------------------------------------------------------------------------------------------------------------------------+
; Clocks                                                                                                                                                                                                    ;
+---------------------+------+---------+-----------+-------+--------+------------+-----------+-------------+-------+--------+-----------+------------+----------+--------+--------+-------------------------+
; Clock Name          ; Type ; Period  ; Frequency ; Rise  ; Fall   ; Duty Cycle ; Divide by ; Multiply by ; Phase ; Offset ; Edge List ; Edge Shift ; Inverted ; Master ; Source ; Targets                 ;
+---------------------+------+---------+-----------+-------+--------+------------+-----------+-------------+-------+--------+-----------+------------+----------+--------+--------+-------------------------+
; altera_reserved_tck ; Base ; 100.000 ; 10.0 MHz  ; 0.000 ; 50.000 ;            ;           ;             ;       ;        ;           ;            ;          ;        ;        ; { altera_reserved_tck } ;
+---------------------+------+---------+-----------+-------+--------+------------+-----------+-------------+-------+--------+-----------+------------+----------+--------+--------+-------------------------+


---------------------------
; Slow Model Fmax Summary ;
---------------------------
No paths to report.


----------------------------
; Slow Model Setup Summary ;
----------------------------
No paths to report.


---------------------------
; Slow Model Hold Summary ;
---------------------------
No paths to report.


-------------------------------
; Slow Model Recovery Summary ;
-------------------------------
No paths to report.


------------------------------
; Slow Model Removal Summary ;
------------------------------
No paths to report.


+----------------------------------------------+
; Slow Model Minimum Pulse Width Summary       ;
+---------------------+--------+---------------+
; Clock               ; Slack  ; End Point TNS ;
+---------------------+--------+---------------+
; altera_reserved_tck ; 97.531 ; 0.000         ;
+---------------------+--------+---------------+


+-------------------------------------------------------------------------------------------------------------+
; Slow Model Minimum Pulse Width: 'altera_reserved_tck'                                                       ;
+--------+--------------+----------------+-----------+---------------------+------------+---------------------+
; Slack  ; Actual Width ; Required Width ; Type      ; Clock               ; Clock Edge ; Target              ;
+--------+--------------+----------------+-----------+---------------------+------------+---------------------+
; 97.531 ; 100.000      ; 2.469          ; Port Rate ; altera_reserved_tck ; Rise       ; altera_reserved_tck ;
+--------+--------------+----------------+-----------+---------------------+------------+---------------------+


+-----------------------------------------------------------------+
; Propagation Delay                                               ;
+--------------+--------------+--------+--------+--------+--------+
; Input Port   ; Output Port  ; RR     ; RF     ; FR     ; FF     ;
+--------------+--------------+--------+--------+--------+--------+
; addr[0]      ; led_floor[0] ; 18.887 ; 18.887 ; 18.887 ; 18.887 ;
; addr[0]      ; led_floor[1] ; 19.345 ; 19.345 ; 19.345 ; 19.345 ;
; addr[0]      ; led_floor[2] ; 19.258 ; 19.258 ; 19.258 ; 19.258 ;
; addr[0]      ; led_floor[3] ; 19.393 ; 19.393 ; 19.393 ; 19.393 ;
; addr[0]      ; led_floor[4] ; 19.417 ; 19.417 ; 19.417 ; 19.417 ;
; addr[0]      ; led_floor[5] ; 19.338 ; 19.338 ; 19.338 ; 19.338 ;
; addr[0]      ; led_floor[6] ; 19.401 ; 19.401 ; 19.401 ; 19.401 ;
; addr[0]      ; led_mod[0]   ; 22.111 ; 22.111 ; 22.111 ; 22.111 ;
; addr[0]      ; led_mod[1]   ; 23.599 ; 23.599 ; 23.599 ; 23.599 ;
; addr[0]      ; led_mod[2]   ; 22.015 ; 22.015 ; 22.015 ; 22.015 ;
; addr[0]      ; led_mod[3]   ; 23.788 ; 23.788 ; 23.788 ; 23.788 ;
; addr[0]      ; led_mod[4]   ; 21.566 ; 21.566 ; 21.566 ; 21.566 ;
; addr[0]      ; led_mod[5]   ; 22.387 ; 22.387 ; 22.387 ; 22.387 ;
; addr[0]      ; led_mod[6]   ; 21.915 ; 21.915 ; 21.915 ; 21.915 ;
; addr[0]      ; value[0]     ; 14.073 ; 14.073 ; 14.073 ; 14.073 ;
; addr[0]      ; value[1]     ; 14.610 ; 14.610 ; 14.610 ; 14.610 ;
; addr[0]      ; value[2]     ; 14.687 ; 14.687 ; 14.687 ; 14.687 ;
; addr[0]      ; value[3]     ; 13.932 ; 13.932 ; 13.932 ; 13.932 ;
; addr[0]      ; value[4]     ; 14.187 ; 14.187 ; 14.187 ; 14.187 ;
; addr[0]      ; value[5]     ; 14.514 ; 14.514 ; 14.514 ; 14.514 ;
; addr[1]      ; led_floor[0] ; 18.413 ; 18.413 ; 18.413 ; 18.413 ;
; addr[1]      ; led_floor[1] ; 18.871 ; 18.871 ; 18.871 ; 18.871 ;
; addr[1]      ; led_floor[2] ; 18.784 ; 18.784 ; 18.784 ; 18.784 ;
; addr[1]      ; led_floor[3] ; 18.919 ; 18.919 ; 18.919 ; 18.919 ;
; addr[1]      ; led_floor[4] ; 18.943 ; 18.943 ; 18.943 ; 18.943 ;
; addr[1]      ; led_floor[5] ; 18.864 ; 18.864 ; 18.864 ; 18.864 ;
; addr[1]      ; led_floor[6] ; 18.927 ; 18.927 ; 18.927 ; 18.927 ;
; addr[1]      ; led_mod[0]   ; 21.637 ; 21.637 ; 21.637 ; 21.637 ;
; addr[1]      ; led_mod[1]   ; 23.125 ; 23.125 ; 23.125 ; 23.125 ;
; addr[1]      ; led_mod[2]   ; 21.541 ; 21.541 ; 21.541 ; 21.541 ;
; addr[1]      ; led_mod[3]   ; 23.314 ; 23.314 ; 23.314 ; 23.314 ;
; addr[1]      ; led_mod[4]   ; 21.092 ; 21.092 ; 21.092 ; 21.092 ;
; addr[1]      ; led_mod[5]   ; 21.913 ; 21.913 ; 21.913 ; 21.913 ;
; addr[1]      ; led_mod[6]   ; 21.441 ; 21.441 ; 21.441 ; 21.441 ;
; addr[1]      ; value[0]     ; 13.599 ; 13.599 ; 13.599 ; 13.599 ;
; addr[1]      ; value[1]     ; 13.359 ; 13.359 ; 13.359 ; 13.359 ;
; addr[1]      ; value[2]     ; 13.678 ; 13.678 ; 13.678 ; 13.678 ;
; addr[1]      ; value[3]     ; 13.499 ; 13.499 ; 13.499 ; 13.499 ;
; addr[1]      ; value[4]     ; 12.927 ; 12.927 ; 12.927 ; 12.927 ;
; addr[1]      ; value[5]     ; 13.696 ; 13.696 ; 13.696 ; 13.696 ;
; addr[2]      ; led_floor[0] ; 17.820 ; 17.820 ; 17.820 ; 17.820 ;
; addr[2]      ; led_floor[1] ; 18.278 ; 17.079 ; 17.079 ; 18.278 ;
; addr[2]      ; led_floor[2] ; 18.191 ; 18.191 ; 18.191 ; 18.191 ;
; addr[2]      ; led_floor[3] ; 18.326 ; 18.326 ; 18.326 ; 18.326 ;
; addr[2]      ; led_floor[4] ; 18.350 ; 18.350 ; 18.350 ; 18.350 ;
; addr[2]      ; led_floor[5] ; 18.271 ; 18.271 ; 18.271 ; 18.271 ;
; addr[2]      ; led_floor[6] ; 17.135 ; 18.334 ; 18.334 ; 17.135 ;
; addr[2]      ; led_mod[0]   ; 21.044 ; 21.044 ; 21.044 ; 21.044 ;
; addr[2]      ; led_mod[1]   ; 22.532 ; 22.532 ; 22.532 ; 22.532 ;
; addr[2]      ; led_mod[2]   ; 20.948 ; 20.948 ; 20.948 ; 20.948 ;
; addr[2]      ; led_mod[3]   ; 22.721 ; 22.721 ; 22.721 ; 22.721 ;
; addr[2]      ; led_mod[4]   ; 20.499 ; 20.499 ; 20.499 ; 20.499 ;
; addr[2]      ; led_mod[5]   ; 21.320 ; 21.320 ; 21.320 ; 21.320 ;
; addr[2]      ; led_mod[6]   ; 20.848 ; 20.848 ; 20.848 ; 20.848 ;
; addr[2]      ; value[0]     ; 13.006 ; 11.807 ; 11.807 ; 13.006 ;
; addr[2]      ; value[1]     ; 11.991 ; 11.991 ; 11.991 ; 11.991 ;
; addr[2]      ; value[2]     ; 13.192 ; 13.030 ; 13.030 ; 13.192 ;
; addr[2]      ; value[3]     ; 11.535 ; 11.535 ; 11.535 ; 11.535 ;
; addr[2]      ; value[4]     ; 11.444 ; 11.444 ; 11.444 ; 11.444 ;
; addr[2]      ; value[5]     ; 11.117 ; 11.117 ; 11.117 ; 11.117 ;
; addr[3]      ; led_floor[0] ; 16.281 ; 16.281 ; 16.281 ; 16.281 ;
; addr[3]      ; led_floor[1] ; 16.671 ; 16.739 ; 16.739 ; 16.671 ;
; addr[3]      ; led_floor[2] ; 16.652 ; 16.652 ; 16.652 ; 16.652 ;
; addr[3]      ; led_floor[3] ; 16.787 ; 16.787 ; 16.787 ; 16.787 ;
; addr[3]      ; led_floor[4] ; 16.811 ; 16.811 ; 16.811 ; 16.811 ;
; addr[3]      ; led_floor[5] ; 16.732 ; 16.732 ; 16.732 ; 16.732 ;
; addr[3]      ; led_floor[6] ; 16.795 ; 16.727 ; 16.727 ; 16.795 ;
; addr[3]      ; led_mod[0]   ; 19.505 ; 19.505 ; 19.505 ; 19.505 ;
; addr[3]      ; led_mod[1]   ; 20.993 ; 20.993 ; 20.993 ; 20.993 ;
; addr[3]      ; led_mod[2]   ; 19.409 ; 19.409 ; 19.409 ; 19.409 ;
; addr[3]      ; led_mod[3]   ; 21.182 ; 21.182 ; 21.182 ; 21.182 ;
; addr[3]      ; led_mod[4]   ; 18.960 ; 18.960 ; 18.960 ; 18.960 ;
; addr[3]      ; led_mod[5]   ; 19.781 ; 19.781 ; 19.781 ; 19.781 ;
; addr[3]      ; led_mod[6]   ; 19.309 ; 19.309 ; 19.309 ; 19.309 ;
; addr[3]      ; value[0]     ; 10.998 ; 11.467 ; 11.467 ; 10.998 ;
; addr[3]      ; value[1]     ; 11.997 ; 12.041 ; 12.041 ; 11.997 ;
; addr[3]      ; value[2]     ; 11.728 ; 12.049 ; 12.049 ; 11.728 ;
; addr[3]      ; value[3]     ; 10.909 ; 10.909 ; 10.909 ; 10.909 ;
; addr[3]      ; value[4]     ; 11.482 ; 11.482 ; 11.482 ; 11.482 ;
; addr[3]      ; value[5]     ; 11.445 ; 11.867 ; 11.867 ; 11.445 ;
; addr[4]      ; led_floor[0] ; 17.149 ; 17.149 ; 17.149 ; 17.149 ;
; addr[4]      ; led_floor[1] ; 15.839 ; 17.607 ; 17.607 ; 15.839 ;
; addr[4]      ; led_floor[2] ; 17.520 ; 17.520 ; 17.520 ; 17.520 ;
; addr[4]      ; led_floor[3] ; 17.655 ; 17.655 ; 17.655 ; 17.655 ;
; addr[4]      ; led_floor[4] ; 17.679 ; 17.679 ; 17.679 ; 17.679 ;
; addr[4]      ; led_floor[5] ; 17.600 ; 17.600 ; 17.600 ; 17.600 ;
; addr[4]      ; led_floor[6] ; 17.663 ; 15.895 ; 15.895 ; 17.663 ;
; addr[4]      ; led_mod[0]   ; 20.373 ; 20.373 ; 20.373 ; 20.373 ;
; addr[4]      ; led_mod[1]   ; 21.861 ; 21.861 ; 21.861 ; 21.861 ;
; addr[4]      ; led_mod[2]   ; 20.277 ; 20.277 ; 20.277 ; 20.277 ;
; addr[4]      ; led_mod[3]   ; 22.050 ; 22.050 ; 22.050 ; 22.050 ;
; addr[4]      ; led_mod[4]   ; 19.828 ; 19.828 ; 19.828 ; 19.828 ;
; addr[4]      ; led_mod[5]   ; 20.649 ; 20.649 ; 20.649 ; 20.649 ;
; addr[4]      ; led_mod[6]   ; 20.177 ; 20.177 ; 20.177 ; 20.177 ;
; addr[4]      ; value[0]     ; 10.267 ; 12.335 ; 12.335 ; 10.267 ;
; addr[4]      ; value[1]     ; 11.030 ; 11.080 ; 11.080 ; 11.030 ;
; addr[4]      ; value[2]     ; 11.371 ; 12.935 ; 12.935 ; 11.371 ;
; addr[4]      ; value[3]     ; 10.651 ; 10.651 ; 10.651 ; 10.651 ;
; addr[4]      ; value[4]     ; 11.228 ; 11.228 ; 11.228 ; 11.228 ;
; addr[4]      ; value[5]     ; 10.863 ; 10.863 ; 10.863 ; 10.863 ;
; addr[5]      ; led_floor[0] ; 16.381 ; 16.381 ; 16.381 ; 16.381 ;
; addr[5]      ; led_floor[1] ; 15.166 ; 16.839 ; 16.839 ; 15.166 ;
; addr[5]      ; led_floor[2] ; 16.752 ; 16.752 ; 16.752 ; 16.752 ;
; addr[5]      ; led_floor[3] ; 16.887 ; 16.887 ; 16.887 ; 16.887 ;
; addr[5]      ; led_floor[4] ; 16.911 ; 16.911 ; 16.911 ; 16.911 ;
; addr[5]      ; led_floor[5] ; 16.832 ; 16.832 ; 16.832 ; 16.832 ;
; addr[5]      ; led_floor[6] ; 16.895 ; 15.222 ; 15.222 ; 16.895 ;
; addr[5]      ; led_mod[0]   ; 19.605 ; 19.605 ; 19.605 ; 19.605 ;
; addr[5]      ; led_mod[1]   ; 21.093 ; 21.093 ; 21.093 ; 21.093 ;
; addr[5]      ; led_mod[2]   ; 19.509 ; 19.509 ; 19.509 ; 19.509 ;
; addr[5]      ; led_mod[3]   ; 21.282 ; 21.282 ; 21.282 ; 21.282 ;
; addr[5]      ; led_mod[4]   ; 19.060 ; 19.060 ; 19.060 ; 19.060 ;
; addr[5]      ; led_mod[5]   ; 19.881 ; 19.881 ; 19.881 ; 19.881 ;
; addr[5]      ; led_mod[6]   ; 19.409 ; 19.409 ; 19.409 ; 19.409 ;
; addr[5]      ; value[0]     ; 9.596  ; 11.567 ; 11.567 ; 9.596  ;
; addr[5]      ; value[1]     ; 10.386 ; 10.386 ; 10.386 ; 10.386 ;
; addr[5]      ; value[2]     ; 10.595 ; 12.167 ; 12.167 ; 10.595 ;
; addr[5]      ; value[3]     ; 10.216 ; 10.216 ; 10.216 ; 10.216 ;
; addr[5]      ; value[4]     ; 10.555 ; 10.555 ; 10.555 ; 10.555 ;
; addr[5]      ; value[5]     ; 9.769  ; 9.769  ; 9.769  ; 9.769  ;
; mode[0]      ; led_mode[0]  ; 8.946  ;        ;        ; 8.946  ;
; mode[0]      ; led_mode[2]  ;        ; 9.196  ; 9.196  ;        ;
; mode[0]      ; led_mode[3]  ; 9.883  ;        ;        ; 9.883  ;
; mode[0]      ; led_mode[4]  ; 6.077  ;        ;        ; 6.077  ;
; mode[0]      ; led_mode[5]  ; 8.625  ;        ;        ; 8.625  ;
; mode[1]      ; led_mode[0]  ;        ; 8.726  ; 8.726  ;        ;
; mode[1]      ; led_mode[2]  ; 9.034  ;        ;        ; 9.034  ;
; mode[1]      ; led_mode[3]  ;        ; 9.663  ; 9.663  ;        ;
; mode[1]      ; led_mode[5]  ; 8.371  ;        ;        ; 8.371  ;
; mode[1]      ; led_mode[6]  ;        ; 5.370  ; 5.370  ;        ;
; mode_segment ; led_floor[0] ; 7.713  ; 7.713  ; 7.713  ; 7.713  ;
; mode_segment ; led_floor[1] ; 7.485  ;        ;        ; 7.485  ;
; mode_segment ; led_floor[2] ; 8.086  ; 8.086  ; 8.086  ; 8.086  ;
; mode_segment ; led_floor[3] ; 7.501  ; 7.501  ; 7.501  ; 7.501  ;
; mode_segment ; led_floor[4] ; 7.526  ; 7.526  ; 7.526  ; 7.526  ;
; mode_segment ; led_floor[5] ;        ; 8.163  ; 8.163  ;        ;
; mode_segment ; led_floor[6] ;        ; 7.515  ; 7.515  ;        ;
; mode_segment ; led_mod[0]   ; 9.044  ; 8.653  ; 8.653  ; 9.044  ;
; mode_segment ; led_mod[1]   ; 9.260  ; 9.260  ; 9.260  ; 9.260  ;
; mode_segment ; led_mod[2]   ; 9.024  ; 9.024  ; 9.024  ; 9.024  ;
; mode_segment ; led_mod[3]   ; 9.135  ; 9.135  ; 9.135  ; 9.135  ;
; mode_segment ; led_mod[4]   ; 8.565  ; 8.565  ; 8.565  ; 8.565  ;
; mode_segment ; led_mod[5]   ; 8.891  ; 8.891  ; 8.891  ; 8.891  ;
; mode_segment ; led_mod[6]   ; 8.919  ; 8.919  ; 8.919  ; 8.919  ;
+--------------+--------------+--------+--------+--------+--------+


+-----------------------------------------------------------------+
; Minimum Propagation Delay                                       ;
+--------------+--------------+--------+--------+--------+--------+
; Input Port   ; Output Port  ; RR     ; RF     ; FR     ; FF     ;
+--------------+--------------+--------+--------+--------+--------+
; addr[0]      ; led_floor[0] ; 12.478 ; 12.478 ; 12.478 ; 12.478 ;
; addr[0]      ; led_floor[1] ; 12.936 ; 12.363 ; 12.363 ; 12.936 ;
; addr[0]      ; led_floor[2] ; 12.854 ; 12.854 ; 12.854 ; 12.854 ;
; addr[0]      ; led_floor[3] ; 12.377 ; 12.377 ; 12.377 ; 12.377 ;
; addr[0]      ; led_floor[4] ; 12.401 ; 12.401 ; 12.401 ; 12.401 ;
; addr[0]      ; led_floor[5] ; 12.929 ; 12.929 ; 12.929 ; 12.929 ;
; addr[0]      ; led_floor[6] ; 12.397 ; 12.970 ; 12.970 ; 12.397 ;
; addr[0]      ; led_mod[0]   ; 13.232 ; 13.232 ; 13.232 ; 13.232 ;
; addr[0]      ; led_mod[1]   ; 13.684 ; 13.684 ; 13.684 ; 13.684 ;
; addr[0]      ; led_mod[2]   ; 13.180 ; 13.180 ; 13.180 ; 13.180 ;
; addr[0]      ; led_mod[3]   ; 14.120 ; 14.120 ; 14.120 ; 14.120 ;
; addr[0]      ; led_mod[4]   ; 12.712 ; 12.712 ; 12.712 ; 12.712 ;
; addr[0]      ; led_mod[5]   ; 13.530 ; 13.530 ; 13.530 ; 13.530 ;
; addr[0]      ; led_mod[6]   ; 13.075 ; 13.075 ; 13.075 ; 13.075 ;
; addr[0]      ; value[0]     ; 11.649 ; 11.649 ; 11.649 ; 11.649 ;
; addr[0]      ; value[1]     ; 11.756 ; 11.819 ; 11.819 ; 11.756 ;
; addr[0]      ; value[2]     ; 11.836 ; 11.741 ; 11.741 ; 11.836 ;
; addr[0]      ; value[3]     ; 10.367 ; 10.367 ; 10.367 ; 10.367 ;
; addr[0]      ; value[4]     ; 10.630 ; 10.057 ; 10.057 ; 10.630 ;
; addr[0]      ; value[5]     ; 11.577 ; 11.940 ; 11.940 ; 11.577 ;
; addr[1]      ; led_floor[0] ; 11.397 ; 11.397 ; 11.397 ; 11.397 ;
; addr[1]      ; led_floor[1] ; 11.282 ; 11.282 ; 11.282 ; 11.282 ;
; addr[1]      ; led_floor[2] ; 11.773 ; 11.773 ; 11.773 ; 11.773 ;
; addr[1]      ; led_floor[3] ; 11.296 ; 11.296 ; 11.296 ; 11.296 ;
; addr[1]      ; led_floor[4] ; 11.320 ; 11.320 ; 11.320 ; 11.320 ;
; addr[1]      ; led_floor[5] ; 11.848 ; 11.848 ; 11.848 ; 11.848 ;
; addr[1]      ; led_floor[6] ; 11.316 ; 11.316 ; 11.316 ; 11.316 ;
; addr[1]      ; led_mod[0]   ; 12.151 ; 12.151 ; 12.151 ; 12.151 ;
; addr[1]      ; led_mod[1]   ; 12.603 ; 12.603 ; 12.603 ; 12.603 ;
; addr[1]      ; led_mod[2]   ; 12.099 ; 12.099 ; 12.099 ; 12.099 ;
; addr[1]      ; led_mod[3]   ; 13.039 ; 13.039 ; 13.039 ; 13.039 ;
; addr[1]      ; led_mod[4]   ; 11.631 ; 11.631 ; 11.631 ; 11.631 ;
; addr[1]      ; led_mod[5]   ; 12.449 ; 12.449 ; 12.449 ; 12.449 ;
; addr[1]      ; led_mod[6]   ; 11.994 ; 11.994 ; 11.994 ; 11.994 ;
; addr[1]      ; value[0]     ; 9.464  ; 9.464  ; 9.464  ; 9.464  ;
; addr[1]      ; value[1]     ; 10.800 ; 10.800 ; 10.800 ; 10.800 ;
; addr[1]      ; value[2]     ; 10.449 ; 10.244 ; 10.244 ; 10.449 ;
; addr[1]      ; value[3]     ; 9.286  ; 9.469  ; 9.469  ; 9.286  ;
; addr[1]      ; value[4]     ; 8.976  ; 8.976  ; 8.976  ; 8.976  ;
; addr[1]      ; value[5]     ; 10.144 ; 10.144 ; 10.144 ; 10.144 ;
; addr[2]      ; led_floor[0] ; 10.230 ; 10.230 ; 10.230 ; 10.230 ;
; addr[2]      ; led_floor[1] ; 10.889 ; 10.115 ; 10.115 ; 10.889 ;
; addr[2]      ; led_floor[2] ; 10.606 ; 10.606 ; 10.606 ; 10.606 ;
; addr[2]      ; led_floor[3] ; 10.129 ; 10.129 ; 10.129 ; 10.129 ;
; addr[2]      ; led_floor[4] ; 10.153 ; 10.153 ; 10.153 ; 10.153 ;
; addr[2]      ; led_floor[5] ; 10.681 ; 10.681 ; 10.681 ; 10.681 ;
; addr[2]      ; led_floor[6] ; 10.149 ; 10.923 ; 10.923 ; 10.149 ;
; addr[2]      ; led_mod[0]   ; 11.790 ; 11.790 ; 11.790 ; 11.790 ;
; addr[2]      ; led_mod[1]   ; 12.020 ; 12.020 ; 12.020 ; 12.020 ;
; addr[2]      ; led_mod[2]   ; 11.738 ; 11.738 ; 11.738 ; 11.738 ;
; addr[2]      ; led_mod[3]   ; 11.872 ; 11.872 ; 11.872 ; 11.872 ;
; addr[2]      ; led_mod[4]   ; 11.270 ; 11.270 ; 11.270 ; 11.270 ;
; addr[2]      ; led_mod[5]   ; 11.282 ; 11.282 ; 11.282 ; 11.282 ;
; addr[2]      ; led_mod[6]   ; 11.633 ; 11.633 ; 11.633 ; 11.633 ;
; addr[2]      ; value[0]     ; 9.385  ; 8.912  ; 8.912  ; 9.385  ;
; addr[2]      ; value[1]     ; 9.482  ; 9.199  ; 9.199  ; 9.482  ;
; addr[2]      ; value[2]     ; 10.400 ; 10.017 ; 10.017 ; 10.400 ;
; addr[2]      ; value[3]     ; 9.030  ; 8.925  ; 8.925  ; 9.030  ;
; addr[2]      ; value[4]     ; 8.583  ; 7.809  ; 7.809  ; 8.583  ;
; addr[2]      ; value[5]     ; 9.425  ; 9.073  ; 9.073  ; 9.425  ;
; addr[3]      ; led_floor[0] ; 11.439 ; 11.439 ; 11.439 ; 11.439 ;
; addr[3]      ; led_floor[1] ; 11.324 ; 11.446 ; 11.446 ; 11.324 ;
; addr[3]      ; led_floor[2] ; 11.815 ; 11.815 ; 11.815 ; 11.815 ;
; addr[3]      ; led_floor[3] ; 11.338 ; 11.338 ; 11.338 ; 11.338 ;
; addr[3]      ; led_floor[4] ; 11.362 ; 11.362 ; 11.362 ; 11.362 ;
; addr[3]      ; led_floor[5] ; 11.890 ; 11.890 ; 11.890 ; 11.890 ;
; addr[3]      ; led_floor[6] ; 11.480 ; 11.358 ; 11.358 ; 11.480 ;
; addr[3]      ; led_mod[0]   ; 12.010 ; 12.010 ; 12.010 ; 12.010 ;
; addr[3]      ; led_mod[1]   ; 12.462 ; 12.462 ; 12.462 ; 12.462 ;
; addr[3]      ; led_mod[2]   ; 11.958 ; 11.958 ; 11.958 ; 11.958 ;
; addr[3]      ; led_mod[3]   ; 13.081 ; 13.081 ; 13.081 ; 13.081 ;
; addr[3]      ; led_mod[4]   ; 11.490 ; 11.490 ; 11.490 ; 11.490 ;
; addr[3]      ; led_mod[5]   ; 12.491 ; 12.491 ; 12.491 ; 12.491 ;
; addr[3]      ; led_mod[6]   ; 11.853 ; 11.853 ; 11.853 ; 11.853 ;
; addr[3]      ; value[0]     ; 9.670  ; 9.670  ; 9.670  ; 9.670  ;
; addr[3]      ; value[1]     ; 9.742  ; 9.940  ; 9.940  ; 9.742  ;
; addr[3]      ; value[2]     ; 10.328 ; 10.176 ; 10.176 ; 10.328 ;
; addr[3]      ; value[3]     ; 9.145  ; 9.541  ; 9.541  ; 9.145  ;
; addr[3]      ; value[4]     ; 9.018  ; 9.140  ; 9.140  ; 9.018  ;
; addr[3]      ; value[5]     ; 9.534  ; 9.814  ; 9.814  ; 9.534  ;
; addr[4]      ; led_floor[0] ; 11.266 ; 11.266 ; 11.266 ; 11.266 ;
; addr[4]      ; led_floor[1] ; 11.673 ; 11.151 ; 11.151 ; 11.673 ;
; addr[4]      ; led_floor[2] ; 11.642 ; 11.642 ; 11.642 ; 11.642 ;
; addr[4]      ; led_floor[3] ; 11.165 ; 11.165 ; 11.165 ; 11.165 ;
; addr[4]      ; led_floor[4] ; 11.189 ; 11.189 ; 11.189 ; 11.189 ;
; addr[4]      ; led_floor[5] ; 11.717 ; 11.717 ; 11.717 ; 11.717 ;
; addr[4]      ; led_floor[6] ; 11.185 ; 11.707 ; 11.707 ; 11.185 ;
; addr[4]      ; led_mod[0]   ; 11.867 ; 11.867 ; 11.867 ; 11.867 ;
; addr[4]      ; led_mod[1]   ; 12.319 ; 12.319 ; 12.319 ; 12.319 ;
; addr[4]      ; led_mod[2]   ; 11.815 ; 11.815 ; 11.815 ; 11.815 ;
; addr[4]      ; led_mod[3]   ; 12.908 ; 12.908 ; 12.908 ; 12.908 ;
; addr[4]      ; led_mod[4]   ; 11.347 ; 11.347 ; 11.347 ; 11.347 ;
; addr[4]      ; led_mod[5]   ; 12.318 ; 12.318 ; 12.318 ; 12.318 ;
; addr[4]      ; led_mod[6]   ; 11.710 ; 11.710 ; 11.710 ; 11.710 ;
; addr[4]      ; value[0]     ; 10.036 ; 9.829  ; 9.829  ; 10.036 ;
; addr[4]      ; value[1]     ; 10.810 ; 10.207 ; 10.207 ; 10.810 ;
; addr[4]      ; value[2]     ; 9.967  ; 10.157 ; 10.157 ; 9.967  ;
; addr[4]      ; value[3]     ; 9.002  ; 9.046  ; 9.046  ; 9.002  ;
; addr[4]      ; value[4]     ; 9.367  ; 8.845  ; 8.845  ; 9.367  ;
; addr[4]      ; value[5]     ; 10.651 ; 10.081 ; 10.081 ; 10.651 ;
; addr[5]      ; led_floor[0] ; 11.693 ; 11.693 ; 11.693 ; 11.693 ;
; addr[5]      ; led_floor[1] ; 11.578 ; 11.578 ; 11.578 ; 11.578 ;
; addr[5]      ; led_floor[2] ; 12.069 ; 12.069 ; 12.069 ; 12.069 ;
; addr[5]      ; led_floor[3] ; 11.592 ; 11.592 ; 11.592 ; 11.592 ;
; addr[5]      ; led_floor[4] ; 11.616 ; 11.616 ; 11.616 ; 11.616 ;
; addr[5]      ; led_floor[5] ; 12.144 ; 12.144 ; 12.144 ; 12.144 ;
; addr[5]      ; led_floor[6] ; 11.612 ; 11.612 ; 11.612 ; 11.612 ;
; addr[5]      ; led_mod[0]   ; 12.378 ; 12.378 ; 12.378 ; 12.378 ;
; addr[5]      ; led_mod[1]   ; 12.830 ; 12.830 ; 12.830 ; 12.830 ;
; addr[5]      ; led_mod[2]   ; 12.326 ; 12.326 ; 12.326 ; 12.326 ;
; addr[5]      ; led_mod[3]   ; 13.246 ; 13.246 ; 13.246 ; 13.246 ;
; addr[5]      ; led_mod[4]   ; 11.858 ; 11.858 ; 11.858 ; 11.858 ;
; addr[5]      ; led_mod[5]   ; 12.745 ; 12.745 ; 12.745 ; 12.745 ;
; addr[5]      ; led_mod[6]   ; 12.221 ; 12.221 ; 12.221 ; 12.221 ;
; addr[5]      ; value[0]     ; 8.885  ; 8.885  ; 8.885  ; 8.885  ;
; addr[5]      ; value[1]     ; 9.748  ; 9.748  ; 9.748  ; 9.748  ;
; addr[5]      ; value[2]     ; 10.130 ; 10.130 ; 10.130 ; 10.130 ;
; addr[5]      ; value[3]     ; 9.513  ; 9.513  ; 9.513  ; 9.513  ;
; addr[5]      ; value[4]     ; 9.272  ; 9.272  ; 9.272  ; 9.272  ;
; addr[5]      ; value[5]     ; 9.496  ; 9.496  ; 9.496  ; 9.496  ;
; mode[0]      ; led_mode[0]  ; 8.946  ;        ;        ; 8.946  ;
; mode[0]      ; led_mode[2]  ;        ; 9.196  ; 9.196  ;        ;
; mode[0]      ; led_mode[3]  ; 9.883  ;        ;        ; 9.883  ;
; mode[0]      ; led_mode[4]  ; 6.077  ;        ;        ; 6.077  ;
; mode[0]      ; led_mode[5]  ; 8.625  ;        ;        ; 8.625  ;
; mode[1]      ; led_mode[0]  ;        ; 8.726  ; 8.726  ;        ;
; mode[1]      ; led_mode[2]  ; 9.034  ;        ;        ; 9.034  ;
; mode[1]      ; led_mode[3]  ;        ; 9.663  ; 9.663  ;        ;
; mode[1]      ; led_mode[5]  ; 8.371  ;        ;        ; 8.371  ;
; mode[1]      ; led_mode[6]  ;        ; 5.370  ; 5.370  ;        ;
; mode_segment ; led_floor[0] ; 7.713  ; 7.713  ; 7.713  ; 7.713  ;
; mode_segment ; led_floor[1] ; 7.485  ;        ;        ; 7.485  ;
; mode_segment ; led_floor[2] ; 8.086  ; 8.086  ; 8.086  ; 8.086  ;
; mode_segment ; led_floor[3] ; 7.501  ; 7.501  ; 7.501  ; 7.501  ;
; mode_segment ; led_floor[4] ; 7.526  ; 7.526  ; 7.526  ; 7.526  ;
; mode_segment ; led_floor[5] ;        ; 8.163  ; 8.163  ;        ;
; mode_segment ; led_floor[6] ;        ; 7.515  ; 7.515  ;        ;
; mode_segment ; led_mod[0]   ; 8.653  ; 8.653  ; 8.653  ; 8.653  ;
; mode_segment ; led_mod[1]   ; 9.260  ; 9.260  ; 9.260  ; 9.260  ;
; mode_segment ; led_mod[2]   ; 9.024  ; 9.024  ; 9.024  ; 9.024  ;
; mode_segment ; led_mod[3]   ; 8.950  ; 8.950  ; 8.950  ; 8.950  ;
; mode_segment ; led_mod[4]   ; 8.526  ; 8.526  ; 8.526  ; 8.526  ;
; mode_segment ; led_mod[5]   ; 8.051  ; 8.891  ; 8.891  ; 8.051  ;
; mode_segment ; led_mod[6]   ; 8.870  ; 8.870  ; 8.870  ; 8.870  ;
+--------------+--------------+--------+--------+--------+--------+


----------------------------
; Fast Model Setup Summary ;
----------------------------
No paths to report.


---------------------------
; Fast Model Hold Summary ;
---------------------------
No paths to report.


-------------------------------
; Fast Model Recovery Summary ;
-------------------------------
No paths to report.


------------------------------
; Fast Model Removal Summary ;
------------------------------
No paths to report.


+----------------------------------------------+
; Fast Model Minimum Pulse Width Summary       ;
+---------------------+--------+---------------+
; Clock               ; Slack  ; End Point TNS ;
+---------------------+--------+---------------+
; altera_reserved_tck ; 97.778 ; 0.000         ;
+---------------------+--------+---------------+


+-------------------------------------------------------------------------------------------------------------+
; Fast Model Minimum Pulse Width: 'altera_reserved_tck'                                                       ;
+--------+--------------+----------------+-----------+---------------------+------------+---------------------+
; Slack  ; Actual Width ; Required Width ; Type      ; Clock               ; Clock Edge ; Target              ;
+--------+--------------+----------------+-----------+---------------------+------------+---------------------+
; 97.778 ; 100.000      ; 2.222          ; Port Rate ; altera_reserved_tck ; Rise       ; altera_reserved_tck ;
+--------+--------------+----------------+-----------+---------------------+------------+---------------------+


+-------------------------------------------------------------+
; Propagation Delay                                           ;
+--------------+--------------+-------+-------+-------+-------+
; Input Port   ; Output Port  ; RR    ; RF    ; FR    ; FF    ;
+--------------+--------------+-------+-------+-------+-------+
; addr[0]      ; led_floor[0] ; 7.644 ; 7.644 ; 7.644 ; 7.644 ;
; addr[0]      ; led_floor[1] ; 7.796 ; 7.796 ; 7.796 ; 7.796 ;
; addr[0]      ; led_floor[2] ; 7.769 ; 7.769 ; 7.769 ; 7.769 ;
; addr[0]      ; led_floor[3] ; 7.807 ; 7.807 ; 7.807 ; 7.807 ;
; addr[0]      ; led_floor[4] ; 7.824 ; 7.824 ; 7.824 ; 7.824 ;
; addr[0]      ; led_floor[5] ; 7.843 ; 7.843 ; 7.843 ; 7.843 ;
; addr[0]      ; led_floor[6] ; 7.828 ; 7.828 ; 7.828 ; 7.828 ;
; addr[0]      ; led_mod[0]   ; 8.776 ; 8.776 ; 8.776 ; 8.776 ;
; addr[0]      ; led_mod[1]   ; 9.303 ; 9.303 ; 9.303 ; 9.303 ;
; addr[0]      ; led_mod[2]   ; 8.748 ; 8.748 ; 8.748 ; 8.748 ;
; addr[0]      ; led_mod[3]   ; 9.359 ; 9.359 ; 9.359 ; 9.359 ;
; addr[0]      ; led_mod[4]   ; 8.602 ; 8.602 ; 8.602 ; 8.602 ;
; addr[0]      ; led_mod[5]   ; 8.865 ; 8.865 ; 8.865 ; 8.865 ;
; addr[0]      ; led_mod[6]   ; 8.708 ; 8.708 ; 8.708 ; 8.708 ;
; addr[0]      ; value[0]     ; 5.904 ; 5.904 ; 5.904 ; 5.904 ;
; addr[0]      ; value[1]     ; 6.147 ; 6.147 ; 6.147 ; 6.147 ;
; addr[0]      ; value[2]     ; 6.139 ; 6.139 ; 6.139 ; 6.139 ;
; addr[0]      ; value[3]     ; 5.829 ; 5.829 ; 5.829 ; 5.829 ;
; addr[0]      ; value[4]     ; 5.965 ; 5.965 ; 5.965 ; 5.965 ;
; addr[0]      ; value[5]     ; 6.070 ; 6.070 ; 6.070 ; 6.070 ;
; addr[1]      ; led_floor[0] ; 7.518 ; 7.518 ; 7.518 ; 7.518 ;
; addr[1]      ; led_floor[1] ; 7.670 ; 7.670 ; 7.670 ; 7.670 ;
; addr[1]      ; led_floor[2] ; 7.643 ; 7.643 ; 7.643 ; 7.643 ;
; addr[1]      ; led_floor[3] ; 7.681 ; 7.681 ; 7.681 ; 7.681 ;
; addr[1]      ; led_floor[4] ; 7.698 ; 7.698 ; 7.698 ; 7.698 ;
; addr[1]      ; led_floor[5] ; 7.717 ; 7.717 ; 7.717 ; 7.717 ;
; addr[1]      ; led_floor[6] ; 7.702 ; 7.702 ; 7.702 ; 7.702 ;
; addr[1]      ; led_mod[0]   ; 8.650 ; 8.650 ; 8.650 ; 8.650 ;
; addr[1]      ; led_mod[1]   ; 9.177 ; 9.177 ; 9.177 ; 9.177 ;
; addr[1]      ; led_mod[2]   ; 8.622 ; 8.622 ; 8.622 ; 8.622 ;
; addr[1]      ; led_mod[3]   ; 9.233 ; 9.233 ; 9.233 ; 9.233 ;
; addr[1]      ; led_mod[4]   ; 8.476 ; 8.476 ; 8.476 ; 8.476 ;
; addr[1]      ; led_mod[5]   ; 8.739 ; 8.739 ; 8.739 ; 8.739 ;
; addr[1]      ; led_mod[6]   ; 8.582 ; 8.582 ; 8.582 ; 8.582 ;
; addr[1]      ; value[0]     ; 5.778 ; 5.778 ; 5.778 ; 5.778 ;
; addr[1]      ; value[1]     ; 5.741 ; 5.741 ; 5.741 ; 5.741 ;
; addr[1]      ; value[2]     ; 5.806 ; 5.806 ; 5.806 ; 5.806 ;
; addr[1]      ; value[3]     ; 5.692 ; 5.692 ; 5.692 ; 5.692 ;
; addr[1]      ; value[4]     ; 5.515 ; 5.515 ; 5.515 ; 5.515 ;
; addr[1]      ; value[5]     ; 5.793 ; 5.793 ; 5.793 ; 5.793 ;
; addr[2]      ; led_floor[0] ; 7.237 ; 7.237 ; 7.237 ; 7.237 ;
; addr[2]      ; led_floor[1] ; 7.389 ; 6.971 ; 6.971 ; 7.389 ;
; addr[2]      ; led_floor[2] ; 7.362 ; 7.362 ; 7.362 ; 7.362 ;
; addr[2]      ; led_floor[3] ; 7.400 ; 7.400 ; 7.400 ; 7.400 ;
; addr[2]      ; led_floor[4] ; 7.417 ; 7.417 ; 7.417 ; 7.417 ;
; addr[2]      ; led_floor[5] ; 7.436 ; 7.436 ; 7.436 ; 7.436 ;
; addr[2]      ; led_floor[6] ; 7.003 ; 7.421 ; 7.421 ; 7.003 ;
; addr[2]      ; led_mod[0]   ; 8.369 ; 8.369 ; 8.369 ; 8.369 ;
; addr[2]      ; led_mod[1]   ; 8.896 ; 8.896 ; 8.896 ; 8.896 ;
; addr[2]      ; led_mod[2]   ; 8.341 ; 8.341 ; 8.341 ; 8.341 ;
; addr[2]      ; led_mod[3]   ; 8.952 ; 8.952 ; 8.952 ; 8.952 ;
; addr[2]      ; led_mod[4]   ; 8.195 ; 8.195 ; 8.195 ; 8.195 ;
; addr[2]      ; led_mod[5]   ; 8.458 ; 8.458 ; 8.458 ; 8.458 ;
; addr[2]      ; led_mod[6]   ; 8.301 ; 8.301 ; 8.301 ; 8.301 ;
; addr[2]      ; value[0]     ; 5.497 ; 5.079 ; 5.079 ; 5.497 ;
; addr[2]      ; value[1]     ; 5.204 ; 5.204 ; 5.204 ; 5.204 ;
; addr[2]      ; value[2]     ; 5.536 ; 5.467 ; 5.467 ; 5.536 ;
; addr[2]      ; value[3]     ; 4.938 ; 4.938 ; 4.938 ; 4.938 ;
; addr[2]      ; value[4]     ; 4.960 ; 4.960 ; 4.960 ; 4.960 ;
; addr[2]      ; value[5]     ; 4.789 ; 4.789 ; 4.789 ; 4.789 ;
; addr[3]      ; led_floor[0] ; 6.725 ; 6.725 ; 6.725 ; 6.725 ;
; addr[3]      ; led_floor[1] ; 6.857 ; 6.877 ; 6.877 ; 6.857 ;
; addr[3]      ; led_floor[2] ; 6.850 ; 6.850 ; 6.850 ; 6.850 ;
; addr[3]      ; led_floor[3] ; 6.888 ; 6.888 ; 6.888 ; 6.888 ;
; addr[3]      ; led_floor[4] ; 6.905 ; 6.905 ; 6.905 ; 6.905 ;
; addr[3]      ; led_floor[5] ; 6.924 ; 6.924 ; 6.924 ; 6.924 ;
; addr[3]      ; led_floor[6] ; 6.909 ; 6.889 ; 6.889 ; 6.909 ;
; addr[3]      ; led_mod[0]   ; 7.857 ; 7.857 ; 7.857 ; 7.857 ;
; addr[3]      ; led_mod[1]   ; 8.384 ; 8.384 ; 8.384 ; 8.384 ;
; addr[3]      ; led_mod[2]   ; 7.829 ; 7.829 ; 7.829 ; 7.829 ;
; addr[3]      ; led_mod[3]   ; 8.440 ; 8.440 ; 8.440 ; 8.440 ;
; addr[3]      ; led_mod[4]   ; 7.683 ; 7.683 ; 7.683 ; 7.683 ;
; addr[3]      ; led_mod[5]   ; 7.946 ; 7.946 ; 7.946 ; 7.946 ;
; addr[3]      ; led_mod[6]   ; 7.789 ; 7.789 ; 7.789 ; 7.789 ;
; addr[3]      ; value[0]     ; 4.821 ; 4.985 ; 4.985 ; 4.821 ;
; addr[3]      ; value[1]     ; 5.180 ; 5.253 ; 5.253 ; 5.180 ;
; addr[3]      ; value[2]     ; 5.063 ; 5.230 ; 5.230 ; 5.063 ;
; addr[3]      ; value[3]     ; 4.765 ; 4.765 ; 4.765 ; 4.765 ;
; addr[3]      ; value[4]     ; 4.955 ; 4.955 ; 4.955 ; 4.955 ;
; addr[3]      ; value[5]     ; 4.940 ; 5.140 ; 5.140 ; 4.940 ;
; addr[4]      ; led_floor[0] ; 7.030 ; 7.030 ; 7.030 ; 7.030 ;
; addr[4]      ; led_floor[1] ; 6.580 ; 7.182 ; 7.182 ; 6.580 ;
; addr[4]      ; led_floor[2] ; 7.155 ; 7.155 ; 7.155 ; 7.155 ;
; addr[4]      ; led_floor[3] ; 7.193 ; 7.193 ; 7.193 ; 7.193 ;
; addr[4]      ; led_floor[4] ; 7.210 ; 7.210 ; 7.210 ; 7.210 ;
; addr[4]      ; led_floor[5] ; 7.229 ; 7.229 ; 7.229 ; 7.229 ;
; addr[4]      ; led_floor[6] ; 7.214 ; 6.612 ; 6.612 ; 7.214 ;
; addr[4]      ; led_mod[0]   ; 8.162 ; 8.162 ; 8.162 ; 8.162 ;
; addr[4]      ; led_mod[1]   ; 8.689 ; 8.689 ; 8.689 ; 8.689 ;
; addr[4]      ; led_mod[2]   ; 8.134 ; 8.134 ; 8.134 ; 8.134 ;
; addr[4]      ; led_mod[3]   ; 8.745 ; 8.745 ; 8.745 ; 8.745 ;
; addr[4]      ; led_mod[4]   ; 7.988 ; 7.988 ; 7.988 ; 7.988 ;
; addr[4]      ; led_mod[5]   ; 8.251 ; 8.251 ; 8.251 ; 8.251 ;
; addr[4]      ; led_mod[6]   ; 8.094 ; 8.094 ; 8.094 ; 8.094 ;
; addr[4]      ; value[0]     ; 4.540 ; 5.290 ; 5.290 ; 4.540 ;
; addr[4]      ; value[1]     ; 4.851 ; 4.865 ; 4.865 ; 4.851 ;
; addr[4]      ; value[2]     ; 4.950 ; 5.526 ; 5.526 ; 4.950 ;
; addr[4]      ; value[3]     ; 4.695 ; 4.695 ; 4.695 ; 4.695 ;
; addr[4]      ; value[4]     ; 4.888 ; 4.888 ; 4.888 ; 4.888 ;
; addr[4]      ; value[5]     ; 4.740 ; 4.740 ; 4.740 ; 4.740 ;
; addr[5]      ; led_floor[0] ; 6.737 ; 6.737 ; 6.737 ; 6.737 ;
; addr[5]      ; led_floor[1] ; 6.284 ; 6.889 ; 6.889 ; 6.284 ;
; addr[5]      ; led_floor[2] ; 6.862 ; 6.862 ; 6.862 ; 6.862 ;
; addr[5]      ; led_floor[3] ; 6.900 ; 6.900 ; 6.900 ; 6.900 ;
; addr[5]      ; led_floor[4] ; 6.917 ; 6.917 ; 6.917 ; 6.917 ;
; addr[5]      ; led_floor[5] ; 6.936 ; 6.936 ; 6.936 ; 6.936 ;
; addr[5]      ; led_floor[6] ; 6.921 ; 6.316 ; 6.316 ; 6.921 ;
; addr[5]      ; led_mod[0]   ; 7.869 ; 7.869 ; 7.869 ; 7.869 ;
; addr[5]      ; led_mod[1]   ; 8.396 ; 8.396 ; 8.396 ; 8.396 ;
; addr[5]      ; led_mod[2]   ; 7.841 ; 7.841 ; 7.841 ; 7.841 ;
; addr[5]      ; led_mod[3]   ; 8.452 ; 8.452 ; 8.452 ; 8.452 ;
; addr[5]      ; led_mod[4]   ; 7.695 ; 7.695 ; 7.695 ; 7.695 ;
; addr[5]      ; led_mod[5]   ; 7.958 ; 7.958 ; 7.958 ; 7.958 ;
; addr[5]      ; led_mod[6]   ; 7.801 ; 7.801 ; 7.801 ; 7.801 ;
; addr[5]      ; value[0]     ; 4.250 ; 4.997 ; 4.997 ; 4.250 ;
; addr[5]      ; value[1]     ; 4.611 ; 4.611 ; 4.611 ; 4.611 ;
; addr[5]      ; value[2]     ; 4.648 ; 5.233 ; 5.233 ; 4.648 ;
; addr[5]      ; value[3]     ; 4.474 ; 4.474 ; 4.474 ; 4.474 ;
; addr[5]      ; value[4]     ; 4.592 ; 4.592 ; 4.592 ; 4.592 ;
; addr[5]      ; value[5]     ; 4.335 ; 4.335 ; 4.335 ; 4.335 ;
; mode[0]      ; led_mode[0]  ; 4.002 ;       ;       ; 4.002 ;
; mode[0]      ; led_mode[2]  ;       ; 4.174 ; 4.174 ;       ;
; mode[0]      ; led_mode[3]  ; 4.362 ;       ;       ; 4.362 ;
; mode[0]      ; led_mode[4]  ; 2.941 ;       ;       ; 2.941 ;
; mode[0]      ; led_mode[5]  ; 3.873 ;       ;       ; 3.873 ;
; mode[1]      ; led_mode[0]  ;       ; 3.911 ; 3.911 ;       ;
; mode[1]      ; led_mode[2]  ; 4.111 ;       ;       ; 4.111 ;
; mode[1]      ; led_mode[3]  ;       ; 4.271 ; 4.271 ;       ;
; mode[1]      ; led_mode[5]  ; 3.799 ;       ;       ; 3.799 ;
; mode[1]      ; led_mode[6]  ;       ; 2.667 ; 2.667 ;       ;
; mode_segment ; led_floor[0] ; 3.492 ; 3.492 ; 3.492 ; 3.492 ;
; mode_segment ; led_floor[1] ; 3.418 ;       ;       ; 3.418 ;
; mode_segment ; led_floor[2] ; 3.619 ; 3.619 ; 3.619 ; 3.619 ;
; mode_segment ; led_floor[3] ; 3.407 ; 3.407 ; 3.407 ; 3.407 ;
; mode_segment ; led_floor[4] ; 3.424 ; 3.424 ; 3.424 ; 3.424 ;
; mode_segment ; led_floor[5] ;       ; 3.691 ; 3.691 ;       ;
; mode_segment ; led_floor[6] ;       ; 3.430 ; 3.430 ;       ;
; mode_segment ; led_mod[0]   ; 3.974 ; 3.854 ; 3.854 ; 3.974 ;
; mode_segment ; led_mod[1]   ; 4.049 ; 4.049 ; 4.049 ; 4.049 ;
; mode_segment ; led_mod[2]   ; 3.956 ; 3.956 ; 3.956 ; 3.956 ;
; mode_segment ; led_mod[3]   ; 3.974 ; 3.974 ; 3.974 ; 3.974 ;
; mode_segment ; led_mod[4]   ; 3.803 ; 3.803 ; 3.803 ; 3.803 ;
; mode_segment ; led_mod[5]   ; 3.906 ; 3.906 ; 3.906 ; 3.906 ;
; mode_segment ; led_mod[6]   ; 3.914 ; 3.914 ; 3.914 ; 3.914 ;
+--------------+--------------+-------+-------+-------+-------+


+-------------------------------------------------------------+
; Minimum Propagation Delay                                   ;
+--------------+--------------+-------+-------+-------+-------+
; Input Port   ; Output Port  ; RR    ; RF    ; FR    ; FF    ;
+--------------+--------------+-------+-------+-------+-------+
; addr[0]      ; led_floor[0] ; 5.302 ; 5.302 ; 5.302 ; 5.302 ;
; addr[0]      ; led_floor[1] ; 5.426 ; 5.224 ; 5.224 ; 5.426 ;
; addr[0]      ; led_floor[2] ; 5.434 ; 5.434 ; 5.434 ; 5.434 ;
; addr[0]      ; led_floor[3] ; 5.236 ; 5.236 ; 5.236 ; 5.236 ;
; addr[0]      ; led_floor[4] ; 5.252 ; 5.252 ; 5.252 ; 5.252 ;
; addr[0]      ; led_floor[5] ; 5.502 ; 5.502 ; 5.502 ; 5.502 ;
; addr[0]      ; led_floor[6] ; 5.262 ; 5.464 ; 5.464 ; 5.262 ;
; addr[0]      ; led_mod[0]   ; 5.554 ; 5.554 ; 5.554 ; 5.554 ;
; addr[0]      ; led_mod[1]   ; 5.718 ; 5.718 ; 5.718 ; 5.718 ;
; addr[0]      ; led_mod[2]   ; 5.531 ; 5.531 ; 5.531 ; 5.531 ;
; addr[0]      ; led_mod[3]   ; 5.871 ; 5.871 ; 5.871 ; 5.871 ;
; addr[0]      ; led_mod[4]   ; 5.371 ; 5.371 ; 5.371 ; 5.371 ;
; addr[0]      ; led_mod[5]   ; 5.695 ; 5.695 ; 5.695 ; 5.695 ;
; addr[0]      ; led_mod[6]   ; 5.489 ; 5.489 ; 5.489 ; 5.489 ;
; addr[0]      ; value[0]     ; 4.943 ; 4.943 ; 4.943 ; 4.943 ;
; addr[0]      ; value[1]     ; 5.019 ; 5.048 ; 5.048 ; 5.019 ;
; addr[0]      ; value[2]     ; 5.045 ; 4.974 ; 4.974 ; 5.045 ;
; addr[0]      ; value[3]     ; 4.498 ; 4.498 ; 4.498 ; 4.498 ;
; addr[0]      ; value[4]     ; 4.580 ; 4.378 ; 4.378 ; 4.580 ;
; addr[0]      ; value[5]     ; 4.914 ; 5.063 ; 5.063 ; 4.914 ;
; addr[1]      ; led_floor[0] ; 4.916 ; 4.916 ; 4.916 ; 4.916 ;
; addr[1]      ; led_floor[1] ; 4.838 ; 4.838 ; 4.838 ; 4.838 ;
; addr[1]      ; led_floor[2] ; 5.048 ; 5.048 ; 5.048 ; 5.048 ;
; addr[1]      ; led_floor[3] ; 4.850 ; 4.850 ; 4.850 ; 4.850 ;
; addr[1]      ; led_floor[4] ; 4.866 ; 4.866 ; 4.866 ; 4.866 ;
; addr[1]      ; led_floor[5] ; 5.116 ; 5.116 ; 5.116 ; 5.116 ;
; addr[1]      ; led_floor[6] ; 4.876 ; 4.876 ; 4.876 ; 4.876 ;
; addr[1]      ; led_mod[0]   ; 5.167 ; 5.167 ; 5.167 ; 5.167 ;
; addr[1]      ; led_mod[1]   ; 5.331 ; 5.331 ; 5.331 ; 5.331 ;
; addr[1]      ; led_mod[2]   ; 5.144 ; 5.144 ; 5.144 ; 5.144 ;
; addr[1]      ; led_mod[3]   ; 5.485 ; 5.485 ; 5.485 ; 5.485 ;
; addr[1]      ; led_mod[4]   ; 4.984 ; 4.984 ; 4.984 ; 4.984 ;
; addr[1]      ; led_mod[5]   ; 5.309 ; 5.309 ; 5.309 ; 5.309 ;
; addr[1]      ; led_mod[6]   ; 5.102 ; 5.102 ; 5.102 ; 5.102 ;
; addr[1]      ; value[0]     ; 4.207 ; 4.207 ; 4.207 ; 4.207 ;
; addr[1]      ; value[1]     ; 4.716 ; 4.716 ; 4.716 ; 4.716 ;
; addr[1]      ; value[2]     ; 4.552 ; 4.506 ; 4.506 ; 4.552 ;
; addr[1]      ; value[3]     ; 4.111 ; 4.193 ; 4.193 ; 4.111 ;
; addr[1]      ; value[4]     ; 3.992 ; 3.992 ; 3.992 ; 3.992 ;
; addr[1]      ; value[5]     ; 4.441 ; 4.441 ; 4.441 ; 4.441 ;
; addr[2]      ; led_floor[0] ; 4.506 ; 4.506 ; 4.506 ; 4.506 ;
; addr[2]      ; led_floor[1] ; 4.693 ; 4.428 ; 4.428 ; 4.693 ;
; addr[2]      ; led_floor[2] ; 4.638 ; 4.638 ; 4.638 ; 4.638 ;
; addr[2]      ; led_floor[3] ; 4.440 ; 4.440 ; 4.440 ; 4.440 ;
; addr[2]      ; led_floor[4] ; 4.456 ; 4.456 ; 4.456 ; 4.456 ;
; addr[2]      ; led_floor[5] ; 4.706 ; 4.706 ; 4.706 ; 4.706 ;
; addr[2]      ; led_floor[6] ; 4.466 ; 4.731 ; 4.731 ; 4.466 ;
; addr[2]      ; led_mod[0]   ; 5.099 ; 5.099 ; 5.099 ; 5.099 ;
; addr[2]      ; led_mod[1]   ; 5.170 ; 5.170 ; 5.170 ; 5.170 ;
; addr[2]      ; led_mod[2]   ; 5.076 ; 5.076 ; 5.076 ; 5.076 ;
; addr[2]      ; led_mod[3]   ; 5.075 ; 5.075 ; 5.075 ; 5.075 ;
; addr[2]      ; led_mod[4]   ; 4.916 ; 4.916 ; 4.916 ; 4.916 ;
; addr[2]      ; led_mod[5]   ; 4.899 ; 4.899 ; 4.899 ; 4.899 ;
; addr[2]      ; led_mod[6]   ; 5.034 ; 5.034 ; 5.034 ; 5.034 ;
; addr[2]      ; value[0]     ; 4.183 ; 4.015 ; 4.015 ; 4.183 ;
; addr[2]      ; value[1]     ; 4.282 ; 4.179 ; 4.179 ; 4.282 ;
; addr[2]      ; value[2]     ; 4.549 ; 4.482 ; 4.482 ; 4.549 ;
; addr[2]      ; value[3]     ; 4.082 ; 4.043 ; 4.043 ; 4.082 ;
; addr[2]      ; value[4]     ; 3.847 ; 3.582 ; 3.582 ; 3.847 ;
; addr[2]      ; value[5]     ; 4.222 ; 4.075 ; 4.075 ; 4.222 ;
; addr[3]      ; led_floor[0] ; 5.001 ; 5.001 ; 5.001 ; 5.001 ;
; addr[3]      ; led_floor[1] ; 4.923 ; 4.968 ; 4.968 ; 4.923 ;
; addr[3]      ; led_floor[2] ; 5.133 ; 5.133 ; 5.133 ; 5.133 ;
; addr[3]      ; led_floor[3] ; 4.935 ; 4.935 ; 4.935 ; 4.935 ;
; addr[3]      ; led_floor[4] ; 4.951 ; 4.951 ; 4.951 ; 4.951 ;
; addr[3]      ; led_floor[5] ; 5.201 ; 5.201 ; 5.201 ; 5.201 ;
; addr[3]      ; led_floor[6] ; 5.006 ; 4.961 ; 4.961 ; 5.006 ;
; addr[3]      ; led_mod[0]   ; 5.196 ; 5.196 ; 5.196 ; 5.196 ;
; addr[3]      ; led_mod[1]   ; 5.360 ; 5.360 ; 5.360 ; 5.360 ;
; addr[3]      ; led_mod[2]   ; 5.173 ; 5.173 ; 5.173 ; 5.173 ;
; addr[3]      ; led_mod[3]   ; 5.567 ; 5.567 ; 5.567 ; 5.567 ;
; addr[3]      ; led_mod[4]   ; 5.013 ; 5.013 ; 5.013 ; 5.013 ;
; addr[3]      ; led_mod[5]   ; 5.394 ; 5.394 ; 5.394 ; 5.394 ;
; addr[3]      ; led_mod[6]   ; 5.131 ; 5.131 ; 5.131 ; 5.131 ;
; addr[3]      ; value[0]     ; 4.326 ; 4.326 ; 4.326 ; 4.326 ;
; addr[3]      ; value[1]     ; 4.359 ; 4.429 ; 4.429 ; 4.359 ;
; addr[3]      ; value[2]     ; 4.561 ; 4.509 ; 4.509 ; 4.561 ;
; addr[3]      ; value[3]     ; 4.140 ; 4.283 ; 4.283 ; 4.140 ;
; addr[3]      ; value[4]     ; 4.077 ; 4.122 ; 4.122 ; 4.077 ;
; addr[3]      ; value[5]     ; 4.234 ; 4.325 ; 4.325 ; 4.234 ;
; addr[4]      ; led_floor[0] ; 4.918 ; 4.918 ; 4.918 ; 4.918 ;
; addr[4]      ; led_floor[1] ; 5.027 ; 4.840 ; 4.840 ; 5.027 ;
; addr[4]      ; led_floor[2] ; 5.050 ; 5.050 ; 5.050 ; 5.050 ;
; addr[4]      ; led_floor[3] ; 4.852 ; 4.852 ; 4.852 ; 4.852 ;
; addr[4]      ; led_floor[4] ; 4.868 ; 4.868 ; 4.868 ; 4.868 ;
; addr[4]      ; led_floor[5] ; 5.118 ; 5.118 ; 5.118 ; 5.118 ;
; addr[4]      ; led_floor[6] ; 4.878 ; 5.065 ; 5.065 ; 4.878 ;
; addr[4]      ; led_mod[0]   ; 5.107 ; 5.107 ; 5.107 ; 5.107 ;
; addr[4]      ; led_mod[1]   ; 5.271 ; 5.271 ; 5.271 ; 5.271 ;
; addr[4]      ; led_mod[2]   ; 5.084 ; 5.084 ; 5.084 ; 5.084 ;
; addr[4]      ; led_mod[3]   ; 5.487 ; 5.487 ; 5.487 ; 5.487 ;
; addr[4]      ; led_mod[4]   ; 4.924 ; 4.924 ; 4.924 ; 4.924 ;
; addr[4]      ; led_mod[5]   ; 5.311 ; 5.311 ; 5.311 ; 5.311 ;
; addr[4]      ; led_mod[6]   ; 5.042 ; 5.042 ; 5.042 ; 5.042 ;
; addr[4]      ; value[0]     ; 4.464 ; 4.383 ; 4.383 ; 4.464 ;
; addr[4]      ; value[1]     ; 4.822 ; 4.563 ; 4.563 ; 4.822 ;
; addr[4]      ; value[2]     ; 4.472 ; 4.531 ; 4.531 ; 4.472 ;
; addr[4]      ; value[3]     ; 4.051 ; 4.070 ; 4.070 ; 4.051 ;
; addr[4]      ; value[4]     ; 4.181 ; 3.994 ; 3.994 ; 4.181 ;
; addr[4]      ; value[5]     ; 4.713 ; 4.459 ; 4.459 ; 4.713 ;
; addr[5]      ; led_floor[0] ; 5.063 ; 5.063 ; 5.063 ; 5.063 ;
; addr[5]      ; led_floor[1] ; 4.985 ; 4.985 ; 4.985 ; 4.985 ;
; addr[5]      ; led_floor[2] ; 5.195 ; 5.195 ; 5.195 ; 5.195 ;
; addr[5]      ; led_floor[3] ; 4.997 ; 4.997 ; 4.997 ; 4.997 ;
; addr[5]      ; led_floor[4] ; 5.013 ; 5.013 ; 5.013 ; 5.013 ;
; addr[5]      ; led_floor[5] ; 5.263 ; 5.263 ; 5.263 ; 5.263 ;
; addr[5]      ; led_floor[6] ; 5.023 ; 5.023 ; 5.023 ; 5.023 ;
; addr[5]      ; led_mod[0]   ; 5.283 ; 5.283 ; 5.283 ; 5.283 ;
; addr[5]      ; led_mod[1]   ; 5.447 ; 5.447 ; 5.447 ; 5.447 ;
; addr[5]      ; led_mod[2]   ; 5.260 ; 5.260 ; 5.260 ; 5.260 ;
; addr[5]      ; led_mod[3]   ; 5.586 ; 5.586 ; 5.586 ; 5.586 ;
; addr[5]      ; led_mod[4]   ; 5.100 ; 5.100 ; 5.100 ; 5.100 ;
; addr[5]      ; led_mod[5]   ; 5.449 ; 5.449 ; 5.449 ; 5.449 ;
; addr[5]      ; led_mod[6]   ; 5.218 ; 5.218 ; 5.218 ; 5.218 ;
; addr[5]      ; value[0]     ; 4.002 ; 4.002 ; 4.002 ; 4.002 ;
; addr[5]      ; value[1]     ; 4.378 ; 4.378 ; 4.378 ; 4.378 ;
; addr[5]      ; value[2]     ; 4.476 ; 4.476 ; 4.476 ; 4.476 ;
; addr[5]      ; value[3]     ; 4.227 ; 4.227 ; 4.227 ; 4.227 ;
; addr[5]      ; value[4]     ; 4.139 ; 4.139 ; 4.139 ; 4.139 ;
; addr[5]      ; value[5]     ; 4.235 ; 4.235 ; 4.235 ; 4.235 ;
; mode[0]      ; led_mode[0]  ; 4.002 ;       ;       ; 4.002 ;
; mode[0]      ; led_mode[2]  ;       ; 4.174 ; 4.174 ;       ;
; mode[0]      ; led_mode[3]  ; 4.362 ;       ;       ; 4.362 ;
; mode[0]      ; led_mode[4]  ; 2.941 ;       ;       ; 2.941 ;
; mode[0]      ; led_mode[5]  ; 3.873 ;       ;       ; 3.873 ;
; mode[1]      ; led_mode[0]  ;       ; 3.911 ; 3.911 ;       ;
; mode[1]      ; led_mode[2]  ; 4.111 ;       ;       ; 4.111 ;
; mode[1]      ; led_mode[3]  ;       ; 4.271 ; 4.271 ;       ;
; mode[1]      ; led_mode[5]  ; 3.799 ;       ;       ; 3.799 ;
; mode[1]      ; led_mode[6]  ;       ; 2.667 ; 2.667 ;       ;
; mode_segment ; led_floor[0] ; 3.492 ; 3.492 ; 3.492 ; 3.492 ;
; mode_segment ; led_floor[1] ; 3.418 ;       ;       ; 3.418 ;
; mode_segment ; led_floor[2] ; 3.619 ; 3.619 ; 3.619 ; 3.619 ;
; mode_segment ; led_floor[3] ; 3.407 ; 3.407 ; 3.407 ; 3.407 ;
; mode_segment ; led_floor[4] ; 3.424 ; 3.424 ; 3.424 ; 3.424 ;
; mode_segment ; led_floor[5] ;       ; 3.691 ; 3.691 ;       ;
; mode_segment ; led_floor[6] ;       ; 3.430 ; 3.430 ;       ;
; mode_segment ; led_mod[0]   ; 3.854 ; 3.854 ; 3.854 ; 3.854 ;
; mode_segment ; led_mod[1]   ; 4.049 ; 4.049 ; 4.049 ; 4.049 ;
; mode_segment ; led_mod[2]   ; 3.956 ; 3.956 ; 3.956 ; 3.956 ;
; mode_segment ; led_mod[3]   ; 3.916 ; 3.916 ; 3.916 ; 3.916 ;
; mode_segment ; led_mod[4]   ; 3.797 ; 3.797 ; 3.797 ; 3.797 ;
; mode_segment ; led_mod[5]   ; 3.615 ; 3.906 ; 3.906 ; 3.615 ;
; mode_segment ; led_mod[6]   ; 3.909 ; 3.909 ; 3.909 ; 3.909 ;
+--------------+--------------+-------+-------+-------+-------+


+--------------------------------------------------------------------------------+
; Multicorner Timing Analysis Summary                                            ;
+----------------------+-------+------+----------+---------+---------------------+
; Clock                ; Setup ; Hold ; Recovery ; Removal ; Minimum Pulse Width ;
+----------------------+-------+------+----------+---------+---------------------+
; Worst-case Slack     ; N/A   ; N/A  ; N/A      ; N/A     ; 97.531              ;
;  altera_reserved_tck ; N/A   ; N/A  ; N/A      ; N/A     ; 97.531              ;
; Design-wide TNS      ; 0.0   ; 0.0  ; 0.0      ; 0.0     ; 0.0                 ;
;  altera_reserved_tck ; N/A   ; N/A  ; N/A      ; N/A     ; 0.000               ;
+----------------------+-------+------+----------+---------+---------------------+


+-----------------------------------------------------------------+
; Progagation Delay                                               ;
+--------------+--------------+--------+--------+--------+--------+
; Input Port   ; Output Port  ; RR     ; RF     ; FR     ; FF     ;
+--------------+--------------+--------+--------+--------+--------+
; addr[0]      ; led_floor[0] ; 18.887 ; 18.887 ; 18.887 ; 18.887 ;
; addr[0]      ; led_floor[1] ; 19.345 ; 19.345 ; 19.345 ; 19.345 ;
; addr[0]      ; led_floor[2] ; 19.258 ; 19.258 ; 19.258 ; 19.258 ;
; addr[0]      ; led_floor[3] ; 19.393 ; 19.393 ; 19.393 ; 19.393 ;
; addr[0]      ; led_floor[4] ; 19.417 ; 19.417 ; 19.417 ; 19.417 ;
; addr[0]      ; led_floor[5] ; 19.338 ; 19.338 ; 19.338 ; 19.338 ;
; addr[0]      ; led_floor[6] ; 19.401 ; 19.401 ; 19.401 ; 19.401 ;
; addr[0]      ; led_mod[0]   ; 22.111 ; 22.111 ; 22.111 ; 22.111 ;
; addr[0]      ; led_mod[1]   ; 23.599 ; 23.599 ; 23.599 ; 23.599 ;
; addr[0]      ; led_mod[2]   ; 22.015 ; 22.015 ; 22.015 ; 22.015 ;
; addr[0]      ; led_mod[3]   ; 23.788 ; 23.788 ; 23.788 ; 23.788 ;
; addr[0]      ; led_mod[4]   ; 21.566 ; 21.566 ; 21.566 ; 21.566 ;
; addr[0]      ; led_mod[5]   ; 22.387 ; 22.387 ; 22.387 ; 22.387 ;
; addr[0]      ; led_mod[6]   ; 21.915 ; 21.915 ; 21.915 ; 21.915 ;
; addr[0]      ; value[0]     ; 14.073 ; 14.073 ; 14.073 ; 14.073 ;
; addr[0]      ; value[1]     ; 14.610 ; 14.610 ; 14.610 ; 14.610 ;
; addr[0]      ; value[2]     ; 14.687 ; 14.687 ; 14.687 ; 14.687 ;
; addr[0]      ; value[3]     ; 13.932 ; 13.932 ; 13.932 ; 13.932 ;
; addr[0]      ; value[4]     ; 14.187 ; 14.187 ; 14.187 ; 14.187 ;
; addr[0]      ; value[5]     ; 14.514 ; 14.514 ; 14.514 ; 14.514 ;
; addr[1]      ; led_floor[0] ; 18.413 ; 18.413 ; 18.413 ; 18.413 ;
; addr[1]      ; led_floor[1] ; 18.871 ; 18.871 ; 18.871 ; 18.871 ;
; addr[1]      ; led_floor[2] ; 18.784 ; 18.784 ; 18.784 ; 18.784 ;
; addr[1]      ; led_floor[3] ; 18.919 ; 18.919 ; 18.919 ; 18.919 ;
; addr[1]      ; led_floor[4] ; 18.943 ; 18.943 ; 18.943 ; 18.943 ;
; addr[1]      ; led_floor[5] ; 18.864 ; 18.864 ; 18.864 ; 18.864 ;
; addr[1]      ; led_floor[6] ; 18.927 ; 18.927 ; 18.927 ; 18.927 ;
; addr[1]      ; led_mod[0]   ; 21.637 ; 21.637 ; 21.637 ; 21.637 ;
; addr[1]      ; led_mod[1]   ; 23.125 ; 23.125 ; 23.125 ; 23.125 ;
; addr[1]      ; led_mod[2]   ; 21.541 ; 21.541 ; 21.541 ; 21.541 ;
; addr[1]      ; led_mod[3]   ; 23.314 ; 23.314 ; 23.314 ; 23.314 ;
; addr[1]      ; led_mod[4]   ; 21.092 ; 21.092 ; 21.092 ; 21.092 ;
; addr[1]      ; led_mod[5]   ; 21.913 ; 21.913 ; 21.913 ; 21.913 ;
; addr[1]      ; led_mod[6]   ; 21.441 ; 21.441 ; 21.441 ; 21.441 ;
; addr[1]      ; value[0]     ; 13.599 ; 13.599 ; 13.599 ; 13.599 ;
; addr[1]      ; value[1]     ; 13.359 ; 13.359 ; 13.359 ; 13.359 ;
; addr[1]      ; value[2]     ; 13.678 ; 13.678 ; 13.678 ; 13.678 ;
; addr[1]      ; value[3]     ; 13.499 ; 13.499 ; 13.499 ; 13.499 ;
; addr[1]      ; value[4]     ; 12.927 ; 12.927 ; 12.927 ; 12.927 ;
; addr[1]      ; value[5]     ; 13.696 ; 13.696 ; 13.696 ; 13.696 ;
; addr[2]      ; led_floor[0] ; 17.820 ; 17.820 ; 17.820 ; 17.820 ;
; addr[2]      ; led_floor[1] ; 18.278 ; 17.079 ; 17.079 ; 18.278 ;
; addr[2]      ; led_floor[2] ; 18.191 ; 18.191 ; 18.191 ; 18.191 ;
; addr[2]      ; led_floor[3] ; 18.326 ; 18.326 ; 18.326 ; 18.326 ;
; addr[2]      ; led_floor[4] ; 18.350 ; 18.350 ; 18.350 ; 18.350 ;
; addr[2]      ; led_floor[5] ; 18.271 ; 18.271 ; 18.271 ; 18.271 ;
; addr[2]      ; led_floor[6] ; 17.135 ; 18.334 ; 18.334 ; 17.135 ;
; addr[2]      ; led_mod[0]   ; 21.044 ; 21.044 ; 21.044 ; 21.044 ;
; addr[2]      ; led_mod[1]   ; 22.532 ; 22.532 ; 22.532 ; 22.532 ;
; addr[2]      ; led_mod[2]   ; 20.948 ; 20.948 ; 20.948 ; 20.948 ;
; addr[2]      ; led_mod[3]   ; 22.721 ; 22.721 ; 22.721 ; 22.721 ;
; addr[2]      ; led_mod[4]   ; 20.499 ; 20.499 ; 20.499 ; 20.499 ;
; addr[2]      ; led_mod[5]   ; 21.320 ; 21.320 ; 21.320 ; 21.320 ;
; addr[2]      ; led_mod[6]   ; 20.848 ; 20.848 ; 20.848 ; 20.848 ;
; addr[2]      ; value[0]     ; 13.006 ; 11.807 ; 11.807 ; 13.006 ;
; addr[2]      ; value[1]     ; 11.991 ; 11.991 ; 11.991 ; 11.991 ;
; addr[2]      ; value[2]     ; 13.192 ; 13.030 ; 13.030 ; 13.192 ;
; addr[2]      ; value[3]     ; 11.535 ; 11.535 ; 11.535 ; 11.535 ;
; addr[2]      ; value[4]     ; 11.444 ; 11.444 ; 11.444 ; 11.444 ;
; addr[2]      ; value[5]     ; 11.117 ; 11.117 ; 11.117 ; 11.117 ;
; addr[3]      ; led_floor[0] ; 16.281 ; 16.281 ; 16.281 ; 16.281 ;
; addr[3]      ; led_floor[1] ; 16.671 ; 16.739 ; 16.739 ; 16.671 ;
; addr[3]      ; led_floor[2] ; 16.652 ; 16.652 ; 16.652 ; 16.652 ;
; addr[3]      ; led_floor[3] ; 16.787 ; 16.787 ; 16.787 ; 16.787 ;
; addr[3]      ; led_floor[4] ; 16.811 ; 16.811 ; 16.811 ; 16.811 ;
; addr[3]      ; led_floor[5] ; 16.732 ; 16.732 ; 16.732 ; 16.732 ;
; addr[3]      ; led_floor[6] ; 16.795 ; 16.727 ; 16.727 ; 16.795 ;
; addr[3]      ; led_mod[0]   ; 19.505 ; 19.505 ; 19.505 ; 19.505 ;
; addr[3]      ; led_mod[1]   ; 20.993 ; 20.993 ; 20.993 ; 20.993 ;
; addr[3]      ; led_mod[2]   ; 19.409 ; 19.409 ; 19.409 ; 19.409 ;
; addr[3]      ; led_mod[3]   ; 21.182 ; 21.182 ; 21.182 ; 21.182 ;
; addr[3]      ; led_mod[4]   ; 18.960 ; 18.960 ; 18.960 ; 18.960 ;
; addr[3]      ; led_mod[5]   ; 19.781 ; 19.781 ; 19.781 ; 19.781 ;
; addr[3]      ; led_mod[6]   ; 19.309 ; 19.309 ; 19.309 ; 19.309 ;
; addr[3]      ; value[0]     ; 10.998 ; 11.467 ; 11.467 ; 10.998 ;
; addr[3]      ; value[1]     ; 11.997 ; 12.041 ; 12.041 ; 11.997 ;
; addr[3]      ; value[2]     ; 11.728 ; 12.049 ; 12.049 ; 11.728 ;
; addr[3]      ; value[3]     ; 10.909 ; 10.909 ; 10.909 ; 10.909 ;
; addr[3]      ; value[4]     ; 11.482 ; 11.482 ; 11.482 ; 11.482 ;
; addr[3]      ; value[5]     ; 11.445 ; 11.867 ; 11.867 ; 11.445 ;
; addr[4]      ; led_floor[0] ; 17.149 ; 17.149 ; 17.149 ; 17.149 ;
; addr[4]      ; led_floor[1] ; 15.839 ; 17.607 ; 17.607 ; 15.839 ;
; addr[4]      ; led_floor[2] ; 17.520 ; 17.520 ; 17.520 ; 17.520 ;
; addr[4]      ; led_floor[3] ; 17.655 ; 17.655 ; 17.655 ; 17.655 ;
; addr[4]      ; led_floor[4] ; 17.679 ; 17.679 ; 17.679 ; 17.679 ;
; addr[4]      ; led_floor[5] ; 17.600 ; 17.600 ; 17.600 ; 17.600 ;
; addr[4]      ; led_floor[6] ; 17.663 ; 15.895 ; 15.895 ; 17.663 ;
; addr[4]      ; led_mod[0]   ; 20.373 ; 20.373 ; 20.373 ; 20.373 ;
; addr[4]      ; led_mod[1]   ; 21.861 ; 21.861 ; 21.861 ; 21.861 ;
; addr[4]      ; led_mod[2]   ; 20.277 ; 20.277 ; 20.277 ; 20.277 ;
; addr[4]      ; led_mod[3]   ; 22.050 ; 22.050 ; 22.050 ; 22.050 ;
; addr[4]      ; led_mod[4]   ; 19.828 ; 19.828 ; 19.828 ; 19.828 ;
; addr[4]      ; led_mod[5]   ; 20.649 ; 20.649 ; 20.649 ; 20.649 ;
; addr[4]      ; led_mod[6]   ; 20.177 ; 20.177 ; 20.177 ; 20.177 ;
; addr[4]      ; value[0]     ; 10.267 ; 12.335 ; 12.335 ; 10.267 ;
; addr[4]      ; value[1]     ; 11.030 ; 11.080 ; 11.080 ; 11.030 ;
; addr[4]      ; value[2]     ; 11.371 ; 12.935 ; 12.935 ; 11.371 ;
; addr[4]      ; value[3]     ; 10.651 ; 10.651 ; 10.651 ; 10.651 ;
; addr[4]      ; value[4]     ; 11.228 ; 11.228 ; 11.228 ; 11.228 ;
; addr[4]      ; value[5]     ; 10.863 ; 10.863 ; 10.863 ; 10.863 ;
; addr[5]      ; led_floor[0] ; 16.381 ; 16.381 ; 16.381 ; 16.381 ;
; addr[5]      ; led_floor[1] ; 15.166 ; 16.839 ; 16.839 ; 15.166 ;
; addr[5]      ; led_floor[2] ; 16.752 ; 16.752 ; 16.752 ; 16.752 ;
; addr[5]      ; led_floor[3] ; 16.887 ; 16.887 ; 16.887 ; 16.887 ;
; addr[5]      ; led_floor[4] ; 16.911 ; 16.911 ; 16.911 ; 16.911 ;
; addr[5]      ; led_floor[5] ; 16.832 ; 16.832 ; 16.832 ; 16.832 ;
; addr[5]      ; led_floor[6] ; 16.895 ; 15.222 ; 15.222 ; 16.895 ;
; addr[5]      ; led_mod[0]   ; 19.605 ; 19.605 ; 19.605 ; 19.605 ;
; addr[5]      ; led_mod[1]   ; 21.093 ; 21.093 ; 21.093 ; 21.093 ;
; addr[5]      ; led_mod[2]   ; 19.509 ; 19.509 ; 19.509 ; 19.509 ;
; addr[5]      ; led_mod[3]   ; 21.282 ; 21.282 ; 21.282 ; 21.282 ;
; addr[5]      ; led_mod[4]   ; 19.060 ; 19.060 ; 19.060 ; 19.060 ;
; addr[5]      ; led_mod[5]   ; 19.881 ; 19.881 ; 19.881 ; 19.881 ;
; addr[5]      ; led_mod[6]   ; 19.409 ; 19.409 ; 19.409 ; 19.409 ;
; addr[5]      ; value[0]     ; 9.596  ; 11.567 ; 11.567 ; 9.596  ;
; addr[5]      ; value[1]     ; 10.386 ; 10.386 ; 10.386 ; 10.386 ;
; addr[5]      ; value[2]     ; 10.595 ; 12.167 ; 12.167 ; 10.595 ;
; addr[5]      ; value[3]     ; 10.216 ; 10.216 ; 10.216 ; 10.216 ;
; addr[5]      ; value[4]     ; 10.555 ; 10.555 ; 10.555 ; 10.555 ;
; addr[5]      ; value[5]     ; 9.769  ; 9.769  ; 9.769  ; 9.769  ;
; mode[0]      ; led_mode[0]  ; 8.946  ;        ;        ; 8.946  ;
; mode[0]      ; led_mode[2]  ;        ; 9.196  ; 9.196  ;        ;
; mode[0]      ; led_mode[3]  ; 9.883  ;        ;        ; 9.883  ;
; mode[0]      ; led_mode[4]  ; 6.077  ;        ;        ; 6.077  ;
; mode[0]      ; led_mode[5]  ; 8.625  ;        ;        ; 8.625  ;
; mode[1]      ; led_mode[0]  ;        ; 8.726  ; 8.726  ;        ;
; mode[1]      ; led_mode[2]  ; 9.034  ;        ;        ; 9.034  ;
; mode[1]      ; led_mode[3]  ;        ; 9.663  ; 9.663  ;        ;
; mode[1]      ; led_mode[5]  ; 8.371  ;        ;        ; 8.371  ;
; mode[1]      ; led_mode[6]  ;        ; 5.370  ; 5.370  ;        ;
; mode_segment ; led_floor[0] ; 7.713  ; 7.713  ; 7.713  ; 7.713  ;
; mode_segment ; led_floor[1] ; 7.485  ;        ;        ; 7.485  ;
; mode_segment ; led_floor[2] ; 8.086  ; 8.086  ; 8.086  ; 8.086  ;
; mode_segment ; led_floor[3] ; 7.501  ; 7.501  ; 7.501  ; 7.501  ;
; mode_segment ; led_floor[4] ; 7.526  ; 7.526  ; 7.526  ; 7.526  ;
; mode_segment ; led_floor[5] ;        ; 8.163  ; 8.163  ;        ;
; mode_segment ; led_floor[6] ;        ; 7.515  ; 7.515  ;        ;
; mode_segment ; led_mod[0]   ; 9.044  ; 8.653  ; 8.653  ; 9.044  ;
; mode_segment ; led_mod[1]   ; 9.260  ; 9.260  ; 9.260  ; 9.260  ;
; mode_segment ; led_mod[2]   ; 9.024  ; 9.024  ; 9.024  ; 9.024  ;
; mode_segment ; led_mod[3]   ; 9.135  ; 9.135  ; 9.135  ; 9.135  ;
; mode_segment ; led_mod[4]   ; 8.565  ; 8.565  ; 8.565  ; 8.565  ;
; mode_segment ; led_mod[5]   ; 8.891  ; 8.891  ; 8.891  ; 8.891  ;
; mode_segment ; led_mod[6]   ; 8.919  ; 8.919  ; 8.919  ; 8.919  ;
+--------------+--------------+--------+--------+--------+--------+


+-------------------------------------------------------------+
; Minimum Progagation Delay                                   ;
+--------------+--------------+-------+-------+-------+-------+
; Input Port   ; Output Port  ; RR    ; RF    ; FR    ; FF    ;
+--------------+--------------+-------+-------+-------+-------+
; addr[0]      ; led_floor[0] ; 5.302 ; 5.302 ; 5.302 ; 5.302 ;
; addr[0]      ; led_floor[1] ; 5.426 ; 5.224 ; 5.224 ; 5.426 ;
; addr[0]      ; led_floor[2] ; 5.434 ; 5.434 ; 5.434 ; 5.434 ;
; addr[0]      ; led_floor[3] ; 5.236 ; 5.236 ; 5.236 ; 5.236 ;
; addr[0]      ; led_floor[4] ; 5.252 ; 5.252 ; 5.252 ; 5.252 ;
; addr[0]      ; led_floor[5] ; 5.502 ; 5.502 ; 5.502 ; 5.502 ;
; addr[0]      ; led_floor[6] ; 5.262 ; 5.464 ; 5.464 ; 5.262 ;
; addr[0]      ; led_mod[0]   ; 5.554 ; 5.554 ; 5.554 ; 5.554 ;
; addr[0]      ; led_mod[1]   ; 5.718 ; 5.718 ; 5.718 ; 5.718 ;
; addr[0]      ; led_mod[2]   ; 5.531 ; 5.531 ; 5.531 ; 5.531 ;
; addr[0]      ; led_mod[3]   ; 5.871 ; 5.871 ; 5.871 ; 5.871 ;
; addr[0]      ; led_mod[4]   ; 5.371 ; 5.371 ; 5.371 ; 5.371 ;
; addr[0]      ; led_mod[5]   ; 5.695 ; 5.695 ; 5.695 ; 5.695 ;
; addr[0]      ; led_mod[6]   ; 5.489 ; 5.489 ; 5.489 ; 5.489 ;
; addr[0]      ; value[0]     ; 4.943 ; 4.943 ; 4.943 ; 4.943 ;
; addr[0]      ; value[1]     ; 5.019 ; 5.048 ; 5.048 ; 5.019 ;
; addr[0]      ; value[2]     ; 5.045 ; 4.974 ; 4.974 ; 5.045 ;
; addr[0]      ; value[3]     ; 4.498 ; 4.498 ; 4.498 ; 4.498 ;
; addr[0]      ; value[4]     ; 4.580 ; 4.378 ; 4.378 ; 4.580 ;
; addr[0]      ; value[5]     ; 4.914 ; 5.063 ; 5.063 ; 4.914 ;
; addr[1]      ; led_floor[0] ; 4.916 ; 4.916 ; 4.916 ; 4.916 ;
; addr[1]      ; led_floor[1] ; 4.838 ; 4.838 ; 4.838 ; 4.838 ;
; addr[1]      ; led_floor[2] ; 5.048 ; 5.048 ; 5.048 ; 5.048 ;
; addr[1]      ; led_floor[3] ; 4.850 ; 4.850 ; 4.850 ; 4.850 ;
; addr[1]      ; led_floor[4] ; 4.866 ; 4.866 ; 4.866 ; 4.866 ;
; addr[1]      ; led_floor[5] ; 5.116 ; 5.116 ; 5.116 ; 5.116 ;
; addr[1]      ; led_floor[6] ; 4.876 ; 4.876 ; 4.876 ; 4.876 ;
; addr[1]      ; led_mod[0]   ; 5.167 ; 5.167 ; 5.167 ; 5.167 ;
; addr[1]      ; led_mod[1]   ; 5.331 ; 5.331 ; 5.331 ; 5.331 ;
; addr[1]      ; led_mod[2]   ; 5.144 ; 5.144 ; 5.144 ; 5.144 ;
; addr[1]      ; led_mod[3]   ; 5.485 ; 5.485 ; 5.485 ; 5.485 ;
; addr[1]      ; led_mod[4]   ; 4.984 ; 4.984 ; 4.984 ; 4.984 ;
; addr[1]      ; led_mod[5]   ; 5.309 ; 5.309 ; 5.309 ; 5.309 ;
; addr[1]      ; led_mod[6]   ; 5.102 ; 5.102 ; 5.102 ; 5.102 ;
; addr[1]      ; value[0]     ; 4.207 ; 4.207 ; 4.207 ; 4.207 ;
; addr[1]      ; value[1]     ; 4.716 ; 4.716 ; 4.716 ; 4.716 ;
; addr[1]      ; value[2]     ; 4.552 ; 4.506 ; 4.506 ; 4.552 ;
; addr[1]      ; value[3]     ; 4.111 ; 4.193 ; 4.193 ; 4.111 ;
; addr[1]      ; value[4]     ; 3.992 ; 3.992 ; 3.992 ; 3.992 ;
; addr[1]      ; value[5]     ; 4.441 ; 4.441 ; 4.441 ; 4.441 ;
; addr[2]      ; led_floor[0] ; 4.506 ; 4.506 ; 4.506 ; 4.506 ;
; addr[2]      ; led_floor[1] ; 4.693 ; 4.428 ; 4.428 ; 4.693 ;
; addr[2]      ; led_floor[2] ; 4.638 ; 4.638 ; 4.638 ; 4.638 ;
; addr[2]      ; led_floor[3] ; 4.440 ; 4.440 ; 4.440 ; 4.440 ;
; addr[2]      ; led_floor[4] ; 4.456 ; 4.456 ; 4.456 ; 4.456 ;
; addr[2]      ; led_floor[5] ; 4.706 ; 4.706 ; 4.706 ; 4.706 ;
; addr[2]      ; led_floor[6] ; 4.466 ; 4.731 ; 4.731 ; 4.466 ;
; addr[2]      ; led_mod[0]   ; 5.099 ; 5.099 ; 5.099 ; 5.099 ;
; addr[2]      ; led_mod[1]   ; 5.170 ; 5.170 ; 5.170 ; 5.170 ;
; addr[2]      ; led_mod[2]   ; 5.076 ; 5.076 ; 5.076 ; 5.076 ;
; addr[2]      ; led_mod[3]   ; 5.075 ; 5.075 ; 5.075 ; 5.075 ;
; addr[2]      ; led_mod[4]   ; 4.916 ; 4.916 ; 4.916 ; 4.916 ;
; addr[2]      ; led_mod[5]   ; 4.899 ; 4.899 ; 4.899 ; 4.899 ;
; addr[2]      ; led_mod[6]   ; 5.034 ; 5.034 ; 5.034 ; 5.034 ;
; addr[2]      ; value[0]     ; 4.183 ; 4.015 ; 4.015 ; 4.183 ;
; addr[2]      ; value[1]     ; 4.282 ; 4.179 ; 4.179 ; 4.282 ;
; addr[2]      ; value[2]     ; 4.549 ; 4.482 ; 4.482 ; 4.549 ;
; addr[2]      ; value[3]     ; 4.082 ; 4.043 ; 4.043 ; 4.082 ;
; addr[2]      ; value[4]     ; 3.847 ; 3.582 ; 3.582 ; 3.847 ;
; addr[2]      ; value[5]     ; 4.222 ; 4.075 ; 4.075 ; 4.222 ;
; addr[3]      ; led_floor[0] ; 5.001 ; 5.001 ; 5.001 ; 5.001 ;
; addr[3]      ; led_floor[1] ; 4.923 ; 4.968 ; 4.968 ; 4.923 ;
; addr[3]      ; led_floor[2] ; 5.133 ; 5.133 ; 5.133 ; 5.133 ;
; addr[3]      ; led_floor[3] ; 4.935 ; 4.935 ; 4.935 ; 4.935 ;
; addr[3]      ; led_floor[4] ; 4.951 ; 4.951 ; 4.951 ; 4.951 ;
; addr[3]      ; led_floor[5] ; 5.201 ; 5.201 ; 5.201 ; 5.201 ;
; addr[3]      ; led_floor[6] ; 5.006 ; 4.961 ; 4.961 ; 5.006 ;
; addr[3]      ; led_mod[0]   ; 5.196 ; 5.196 ; 5.196 ; 5.196 ;
; addr[3]      ; led_mod[1]   ; 5.360 ; 5.360 ; 5.360 ; 5.360 ;
; addr[3]      ; led_mod[2]   ; 5.173 ; 5.173 ; 5.173 ; 5.173 ;
; addr[3]      ; led_mod[3]   ; 5.567 ; 5.567 ; 5.567 ; 5.567 ;
; addr[3]      ; led_mod[4]   ; 5.013 ; 5.013 ; 5.013 ; 5.013 ;
; addr[3]      ; led_mod[5]   ; 5.394 ; 5.394 ; 5.394 ; 5.394 ;
; addr[3]      ; led_mod[6]   ; 5.131 ; 5.131 ; 5.131 ; 5.131 ;
; addr[3]      ; value[0]     ; 4.326 ; 4.326 ; 4.326 ; 4.326 ;
; addr[3]      ; value[1]     ; 4.359 ; 4.429 ; 4.429 ; 4.359 ;
; addr[3]      ; value[2]     ; 4.561 ; 4.509 ; 4.509 ; 4.561 ;
; addr[3]      ; value[3]     ; 4.140 ; 4.283 ; 4.283 ; 4.140 ;
; addr[3]      ; value[4]     ; 4.077 ; 4.122 ; 4.122 ; 4.077 ;
; addr[3]      ; value[5]     ; 4.234 ; 4.325 ; 4.325 ; 4.234 ;
; addr[4]      ; led_floor[0] ; 4.918 ; 4.918 ; 4.918 ; 4.918 ;
; addr[4]      ; led_floor[1] ; 5.027 ; 4.840 ; 4.840 ; 5.027 ;
; addr[4]      ; led_floor[2] ; 5.050 ; 5.050 ; 5.050 ; 5.050 ;
; addr[4]      ; led_floor[3] ; 4.852 ; 4.852 ; 4.852 ; 4.852 ;
; addr[4]      ; led_floor[4] ; 4.868 ; 4.868 ; 4.868 ; 4.868 ;
; addr[4]      ; led_floor[5] ; 5.118 ; 5.118 ; 5.118 ; 5.118 ;
; addr[4]      ; led_floor[6] ; 4.878 ; 5.065 ; 5.065 ; 4.878 ;
; addr[4]      ; led_mod[0]   ; 5.107 ; 5.107 ; 5.107 ; 5.107 ;
; addr[4]      ; led_mod[1]   ; 5.271 ; 5.271 ; 5.271 ; 5.271 ;
; addr[4]      ; led_mod[2]   ; 5.084 ; 5.084 ; 5.084 ; 5.084 ;
; addr[4]      ; led_mod[3]   ; 5.487 ; 5.487 ; 5.487 ; 5.487 ;
; addr[4]      ; led_mod[4]   ; 4.924 ; 4.924 ; 4.924 ; 4.924 ;
; addr[4]      ; led_mod[5]   ; 5.311 ; 5.311 ; 5.311 ; 5.311 ;
; addr[4]      ; led_mod[6]   ; 5.042 ; 5.042 ; 5.042 ; 5.042 ;
; addr[4]      ; value[0]     ; 4.464 ; 4.383 ; 4.383 ; 4.464 ;
; addr[4]      ; value[1]     ; 4.822 ; 4.563 ; 4.563 ; 4.822 ;
; addr[4]      ; value[2]     ; 4.472 ; 4.531 ; 4.531 ; 4.472 ;
; addr[4]      ; value[3]     ; 4.051 ; 4.070 ; 4.070 ; 4.051 ;
; addr[4]      ; value[4]     ; 4.181 ; 3.994 ; 3.994 ; 4.181 ;
; addr[4]      ; value[5]     ; 4.713 ; 4.459 ; 4.459 ; 4.713 ;
; addr[5]      ; led_floor[0] ; 5.063 ; 5.063 ; 5.063 ; 5.063 ;
; addr[5]      ; led_floor[1] ; 4.985 ; 4.985 ; 4.985 ; 4.985 ;
; addr[5]      ; led_floor[2] ; 5.195 ; 5.195 ; 5.195 ; 5.195 ;
; addr[5]      ; led_floor[3] ; 4.997 ; 4.997 ; 4.997 ; 4.997 ;
; addr[5]      ; led_floor[4] ; 5.013 ; 5.013 ; 5.013 ; 5.013 ;
; addr[5]      ; led_floor[5] ; 5.263 ; 5.263 ; 5.263 ; 5.263 ;
; addr[5]      ; led_floor[6] ; 5.023 ; 5.023 ; 5.023 ; 5.023 ;
; addr[5]      ; led_mod[0]   ; 5.283 ; 5.283 ; 5.283 ; 5.283 ;
; addr[5]      ; led_mod[1]   ; 5.447 ; 5.447 ; 5.447 ; 5.447 ;
; addr[5]      ; led_mod[2]   ; 5.260 ; 5.260 ; 5.260 ; 5.260 ;
; addr[5]      ; led_mod[3]   ; 5.586 ; 5.586 ; 5.586 ; 5.586 ;
; addr[5]      ; led_mod[4]   ; 5.100 ; 5.100 ; 5.100 ; 5.100 ;
; addr[5]      ; led_mod[5]   ; 5.449 ; 5.449 ; 5.449 ; 5.449 ;
; addr[5]      ; led_mod[6]   ; 5.218 ; 5.218 ; 5.218 ; 5.218 ;
; addr[5]      ; value[0]     ; 4.002 ; 4.002 ; 4.002 ; 4.002 ;
; addr[5]      ; value[1]     ; 4.378 ; 4.378 ; 4.378 ; 4.378 ;
; addr[5]      ; value[2]     ; 4.476 ; 4.476 ; 4.476 ; 4.476 ;
; addr[5]      ; value[3]     ; 4.227 ; 4.227 ; 4.227 ; 4.227 ;
; addr[5]      ; value[4]     ; 4.139 ; 4.139 ; 4.139 ; 4.139 ;
; addr[5]      ; value[5]     ; 4.235 ; 4.235 ; 4.235 ; 4.235 ;
; mode[0]      ; led_mode[0]  ; 4.002 ;       ;       ; 4.002 ;
; mode[0]      ; led_mode[2]  ;       ; 4.174 ; 4.174 ;       ;
; mode[0]      ; led_mode[3]  ; 4.362 ;       ;       ; 4.362 ;
; mode[0]      ; led_mode[4]  ; 2.941 ;       ;       ; 2.941 ;
; mode[0]      ; led_mode[5]  ; 3.873 ;       ;       ; 3.873 ;
; mode[1]      ; led_mode[0]  ;       ; 3.911 ; 3.911 ;       ;
; mode[1]      ; led_mode[2]  ; 4.111 ;       ;       ; 4.111 ;
; mode[1]      ; led_mode[3]  ;       ; 4.271 ; 4.271 ;       ;
; mode[1]      ; led_mode[5]  ; 3.799 ;       ;       ; 3.799 ;
; mode[1]      ; led_mode[6]  ;       ; 2.667 ; 2.667 ;       ;
; mode_segment ; led_floor[0] ; 3.492 ; 3.492 ; 3.492 ; 3.492 ;
; mode_segment ; led_floor[1] ; 3.418 ;       ;       ; 3.418 ;
; mode_segment ; led_floor[2] ; 3.619 ; 3.619 ; 3.619 ; 3.619 ;
; mode_segment ; led_floor[3] ; 3.407 ; 3.407 ; 3.407 ; 3.407 ;
; mode_segment ; led_floor[4] ; 3.424 ; 3.424 ; 3.424 ; 3.424 ;
; mode_segment ; led_floor[5] ;       ; 3.691 ; 3.691 ;       ;
; mode_segment ; led_floor[6] ;       ; 3.430 ; 3.430 ;       ;
; mode_segment ; led_mod[0]   ; 3.854 ; 3.854 ; 3.854 ; 3.854 ;
; mode_segment ; led_mod[1]   ; 4.049 ; 4.049 ; 4.049 ; 4.049 ;
; mode_segment ; led_mod[2]   ; 3.956 ; 3.956 ; 3.956 ; 3.956 ;
; mode_segment ; led_mod[3]   ; 3.916 ; 3.916 ; 3.916 ; 3.916 ;
; mode_segment ; led_mod[4]   ; 3.797 ; 3.797 ; 3.797 ; 3.797 ;
; mode_segment ; led_mod[5]   ; 3.615 ; 3.906 ; 3.906 ; 3.615 ;
; mode_segment ; led_mod[6]   ; 3.909 ; 3.909 ; 3.909 ; 3.909 ;
+--------------+--------------+-------+-------+-------+-------+


-------------------
; Clock Transfers ;
-------------------
Nothing to report.


---------------
; Report TCCS ;
---------------
No dedicated SERDES Transmitter circuitry present in device or used in design


---------------
; Report RSKM ;
---------------
No dedicated SERDES Receiver circuitry present in device or used in design


+------------------------------------------------+
; Unconstrained Paths                            ;
+---------------------------------+-------+------+
; Property                        ; Setup ; Hold ;
+---------------------------------+-------+------+
; Illegal Clocks                  ; 0     ; 0    ;
; Unconstrained Clocks            ; 1     ; 1    ;
; Unconstrained Input Ports       ; 11    ; 11   ;
; Unconstrained Input Port Paths  ; 1165  ; 1165 ;
; Unconstrained Output Ports      ; 34    ; 34   ;
; Unconstrained Output Port Paths ; 4842  ; 4842 ;
+---------------------------------+-------+------+


+------------------------------------+
; TimeQuest Timing Analyzer Messages ;
+------------------------------------+
Warning (125092): Tcl Script File lpm_counter0.qip not found
    Info (125063): set_global_assignment -name QIP_FILE lpm_counter0.qip
Warning (125092): Tcl Script File lpm_counter1.qip not found
    Info (125063): set_global_assignment -name QIP_FILE lpm_counter1.qip
Info: *******************************************************************
Info: Running Quartus II 64-Bit TimeQuest Timing Analyzer
    Info: Version 13.0.0 Build 156 04/24/2013 SJ Web Edition
    Info: Processing started: Wed Nov 01 22:48:51 2017
Info: Command: quartus_sta gA6_lab3 -c gA6_lab3
Info: qsta_default_script.tcl version: #1
Info (11104): Parallel Compilation has detected 4 hyper-threaded processors. However, the extra hyper-threaded processors will not be used by default. Parallel Compilation will use 2 of the 2 physical processors detected instead.
Info (21077): Low junction temperature is 0 degrees C
Info (21077): High junction temperature is 85 degrees C
Info (332164): Evaluating HDL-embedded SDC commands
    Info (332165): Entity sld_jtag_hub
        Info (332166): create_clock -name altera_reserved_tck [get_ports {altera_reserved_tck}] -period 10MHz   
        Info (332166): set_clock_groups -asynchronous -group {altera_reserved_tck}
Critical Warning (332012): Synopsys Design Constraints File file not found: 'gA6_lab3.sdc'. A Synopsys Design Constraints File is required by the TimeQuest Timing Analyzer to get proper timing constraints. Without it, the Compiler will not properly optimize the design.
Warning (332060): Node: clk was determined to be a clock but was found without an associated clock assignment.
Info: Found TIMEQUEST_REPORT_SCRIPT_INCLUDE_DEFAULT_ANALYSIS = ON
Info: Analyzing Slow Model
Info (332140): No fmax paths to report
Info (332140): No Setup paths to report
Info (332140): No Hold paths to report
Info (332140): No Recovery paths to report
Info (332140): No Removal paths to report
Info (332146): Worst-case minimum pulse width slack is 97.531
    Info (332119):     Slack End Point TNS Clock 
    Info (332119): ========= ============= =====================
    Info (332119):    97.531         0.000 altera_reserved_tck 
Info (332001): The selected device family is not supported by the report_metastability command.
Info: Analyzing Fast Model
Warning (332060): Node: clk was determined to be a clock but was found without an associated clock assignment.
Info (332140): No Setup paths to report
Info (332140): No Hold paths to report
Info (332140): No Recovery paths to report
Info (332140): No Removal paths to report
Info (332146): Worst-case minimum pulse width slack is 97.778
    Info (332119):     Slack End Point TNS Clock 
    Info (332119): ========= ============= =====================
    Info (332119):    97.778         0.000 altera_reserved_tck 
Info (332001): The selected device family is not supported by the report_metastability command.
Info (332102): Design is not fully constrained for setup requirements
Info (332102): Design is not fully constrained for hold requirements
Info: Quartus II 64-Bit TimeQuest Timing Analyzer was successful. 0 errors, 5 warnings
    Info: Peak virtual memory: 522 megabytes
    Info: Processing ended: Wed Nov 01 22:48:53 2017
    Info: Elapsed time: 00:00:02
    Info: Total CPU time (on all processors): 00:00:01


