------------------------------------------------------------
TimeQuest Timing Analyzer Summary
------------------------------------------------------------

Type  : Slow Model Setup 'clk'
Slack : -11.631
TNS   : -2826.401

Type  : Slow Model Hold 'clk'
Slack : 0.445
TNS   : 0.000

Type  : Slow Model Recovery 'clk'
Slack : -4.389
TNS   : -1386.626

Type  : Slow Model Removal 'clk'
Slack : 3.127
TNS   : 0.000

Type  : Slow Model Minimum Pulse Width 'clk'
Slack : -2.064
TNS   : -1018.357

Type  : Slow Model Minimum Pulse Width 'altera_reserved_tck'
Slack : 97.531
TNS   : 0.000

Type  : Fast Model Setup 'clk'
Slack : -3.595
TNS   : -908.583

Type  : Fast Model Hold 'clk'
Slack : 0.215
TNS   : 0.000

Type  : Fast Model Recovery 'clk'
Slack : -1.672
TNS   : -528.086

Type  : Fast Model Removal 'clk'
Slack : 1.851
TNS   : 0.000

Type  : Fast Model Minimum Pulse Width 'clk'
Slack : -1.880
TNS   : -849.492

Type  : Fast Model Minimum Pulse Width 'altera_reserved_tck'
Slack : 97.778
TNS   : 0.000

------------------------------------------------------------
