------------------------------------------------------------
TimeQuest Timing Analyzer Summary
------------------------------------------------------------

Type  : Slow Model Setup 'clk'
Slack : -9.948
TNS   : -2799.186

Type  : Slow Model Hold 'clk'
Slack : 0.445
TNS   : 0.000

Type  : Slow Model Recovery 'clk'
Slack : -4.097
TNS   : -1294.352

Type  : Slow Model Removal 'clk'
Slack : 3.273
TNS   : 0.000

Type  : Slow Model Minimum Pulse Width 'clk'
Slack : -2.064
TNS   : -1399.503

Type  : Slow Model Minimum Pulse Width 'altera_reserved_tck'
Slack : 97.531
TNS   : 0.000

Type  : Fast Model Setup 'clk'
Slack : -3.037
TNS   : -955.466

Type  : Fast Model Hold 'clk'
Slack : 0.215
TNS   : 0.000

Type  : Fast Model Recovery 'clk'
Slack : -1.562
TNS   : -493.300

Type  : Fast Model Removal 'clk'
Slack : 1.884
TNS   : 0.000

Type  : Fast Model Minimum Pulse Width 'clk'
Slack : -1.880
TNS   : -1180.492

Type  : Fast Model Minimum Pulse Width 'altera_reserved_tck'
Slack : 97.778
TNS   : 0.000

------------------------------------------------------------
